Archive member included because of file (symbol)

C:/Langages/POB-Technology/PobTools-BETA\sdk\pobeye2\libpob2.a(init.o)
                              ./Simple.o (InitPobeye2)
C:/Langages/POB-Technology/PobTools-BETA\sdk\pobeye2\libpob2.a(uart0.o)
                              ./Simple.o (InitUART0)
C:/Langages/POB-Technology/PobTools-BETA\sdk\pobeye2\libpob2.a(utils.o)
                              ./Simple.o (SendString)

Memory Configuration

Name             Origin             Length             Attributes
flash            0x00000000         0x0001e000
ram              0x40000000         0x00010000
*default*        0x00000000         0xffffffff

Linker script and memory map

LOAD ./Simple.o
LOAD c:/langages/yagarto/bin/../lib/gcc/arm-elf/4.4.2/../../../../arm-elf/lib/interwork\libc.a
LOAD c:/langages/yagarto/bin/../lib/gcc/arm-elf/4.4.2/../../../../arm-elf/lib/interwork\libm.a
LOAD c:/langages/yagarto/bin/../lib/gcc/arm-elf/4.4.2/interwork\libgcc.a
LOAD C:/Langages/POB-Technology/PobTools-BETA\sdk\pobeye2\boot.o
LOAD C:/Langages/POB-Technology/PobTools-BETA\sdk\pobeye2\libpob2.a
START GROUP
LOAD c:/langages/yagarto/bin/../lib/gcc/arm-elf/4.4.2/interwork\libgcc.a
LOAD c:/langages/yagarto/bin/../lib/gcc/arm-elf/4.4.2/../../../../arm-elf/lib/interwork\libc.a
END GROUP
                0x4000fffc                __stack_end__ = 0x4000fffc
                0x00000000                . = 0x0

startup         0x00000000       0x48
 *(.startup)
 .startup       0x00000000       0x48 C:/Langages/POB-Technology/PobTools-BETA\sdk\pobeye2\boot.o

prog            0x00000048      0xc28
 *(.text)
 .text          0x00000048       0x24 ./Simple.o
                0x00000048                main
 .text          0x0000006c       0xb8 C:/Langages/POB-Technology/PobTools-BETA\sdk\pobeye2\boot.o
                0x0000006c                start
                0x00000108                endless_loop
 .text          0x00000124      0x104 C:/Langages/POB-Technology/PobTools-BETA\sdk\pobeye2\libpob2.a(init.o)
                0x00000218                intr_swi
                0x00000124                InitPobeye2
                0x00000214                intr_undefined
                0x00000224                intr_fiq
                0x00000220                intr_dabort
                0x0000021c                intr_pabort
 .text          0x00000228      0x55c C:/Langages/POB-Technology/PobTools-BETA\sdk\pobeye2\libpob2.a(uart0.o)
                0x0000050c                InitUART0
                0x00000228                SetUART0Configuration
                0x0000042c                SendByteToUART0
                0x0000048c                GetByteFromUART0
                0x000004d4                GetBufferFromUART0
                0x000004b0                GetByteFromUART0NoWait
                0x00000454                SendBufferToUART0
 .text          0x00000784      0x4d0 C:/Langages/POB-Technology/PobTools-BETA\sdk\pobeye2\libpob2.a(utils.o)
                0x00000bac                WaitMs
                0x00000784                SetLed
                0x00000ae4                Wait_4Us
                0x000007b4                Bin2Dec
                0x0000079c                ClearLed
                0x00000b44                Wait_100Us
                0x00000c1c                SendString
                0x00000ab4                Bin2Hex
 *(.rodata)
 *(.rodata*)
 .rodata.str1.4
                0x00000c54       0x1c ./Simple.o
 *(.glue_7)
 .glue_7        0x00000c70        0x0 ./Simple.o
 .glue_7        0x00000c70        0x0 C:/Langages/POB-Technology/PobTools-BETA\sdk\pobeye2\boot.o
 .glue_7        0x00000c70        0x0 C:/Langages/POB-Technology/PobTools-BETA\sdk\pobeye2\libpob2.a(init.o)
 .glue_7        0x00000c70        0x0 C:/Langages/POB-Technology/PobTools-BETA\sdk\pobeye2\libpob2.a(uart0.o)
 .glue_7        0x00000c70        0x0 C:/Langages/POB-Technology/PobTools-BETA\sdk\pobeye2\libpob2.a(utils.o)
 *(.glue_7t)
 .glue_7t       0x00000c70        0x0 ./Simple.o
 .glue_7t       0x00000c70        0x0 C:/Langages/POB-Technology/PobTools-BETA\sdk\pobeye2\boot.o
 .glue_7t       0x00000c70        0x0 C:/Langages/POB-Technology/PobTools-BETA\sdk\pobeye2\libpob2.a(init.o)
 .glue_7t       0x00000c70        0x0 C:/Langages/POB-Technology/PobTools-BETA\sdk\pobeye2\libpob2.a(uart0.o)
 .glue_7t       0x00000c70        0x0 C:/Langages/POB-Technology/PobTools-BETA\sdk\pobeye2\libpob2.a(utils.o)

.vfp11_veneer   0x00000000        0x0
 .vfp11_veneer  0x00000000        0x0 ./Simple.o
 .vfp11_veneer  0x00000000        0x0 C:/Langages/POB-Technology/PobTools-BETA\sdk\pobeye2\boot.o
 .vfp11_veneer  0x00000000        0x0 C:/Langages/POB-Technology/PobTools-BETA\sdk\pobeye2\libpob2.a(init.o)
 .vfp11_veneer  0x00000000        0x0 C:/Langages/POB-Technology/PobTools-BETA\sdk\pobeye2\libpob2.a(uart0.o)
 .vfp11_veneer  0x00000000        0x0 C:/Langages/POB-Technology/PobTools-BETA\sdk\pobeye2\libpob2.a(utils.o)

.v4_bx          0x00000000        0x0
 .v4_bx         0x00000000        0x0 ./Simple.o
 .v4_bx         0x00000000        0x0 C:/Langages/POB-Technology/PobTools-BETA\sdk\pobeye2\boot.o
 .v4_bx         0x00000000        0x0 C:/Langages/POB-Technology/PobTools-BETA\sdk\pobeye2\libpob2.a(init.o)
 .v4_bx         0x00000000        0x0 C:/Langages/POB-Technology/PobTools-BETA\sdk\pobeye2\libpob2.a(uart0.o)
 .v4_bx         0x00000000        0x0 C:/Langages/POB-Technology/PobTools-BETA\sdk\pobeye2\libpob2.a(utils.o)

.eh_frame
 *(.eh_frame)
                0x00000000                __end_of_text__ = .

.data           0x40000000        0x0 load address 0x00000c70
                0x40000000                __data_beg__ = .
                0x00000c70                __data_beg_src__ = __end_of_text__
 *(.data)
 .data          0x40000000        0x0 ./Simple.o
 .data          0x40000000        0x0 C:/Langages/POB-Technology/PobTools-BETA\sdk\pobeye2\boot.o
 .data          0x40000000        0x0 C:/Langages/POB-Technology/PobTools-BETA\sdk\pobeye2\libpob2.a(init.o)
 .data          0x40000000        0x0 C:/Langages/POB-Technology/PobTools-BETA\sdk\pobeye2\libpob2.a(uart0.o)
 .data          0x40000000        0x0 C:/Langages/POB-Technology/PobTools-BETA\sdk\pobeye2\libpob2.a(utils.o)
                0x40000000                __data_end__ = .

.bss            0x40000000        0x0
                0x40000000                __bss_beg__ = .
 *(.bss)
 .bss           0x40000000        0x0 ./Simple.o
 .bss           0x40000000        0x0 C:/Langages/POB-Technology/PobTools-BETA\sdk\pobeye2\boot.o
 .bss           0x40000000        0x0 C:/Langages/POB-Technology/PobTools-BETA\sdk\pobeye2\libpob2.a(init.o)
 .bss           0x40000000        0x0 C:/Langages/POB-Technology/PobTools-BETA\sdk\pobeye2\libpob2.a(uart0.o)
 .bss           0x40000000        0x0 C:/Langages/POB-Technology/PobTools-BETA\sdk\pobeye2\libpob2.a(utils.o)
                0x40000000                . = ALIGN (0x4)
                0x40000000                . = ALIGN (0x4)
                0x40000000                _end = .
                0x40000000                _bss_end__ = .
                0x40000000                __bss_end__ = .
                0x40000000                __end__ = .
                0x40000000                PROVIDE (end, .)
OUTPUT(./Simple.elf elf32-littlearm)

.comment        0x00000000       0x48
 .comment       0x00000000       0x12 ./Simple.o
 .comment       0x00000012       0x12 C:/Langages/POB-Technology/PobTools-BETA\sdk\pobeye2\libpob2.a(init.o)
 .comment       0x00000024       0x12 C:/Langages/POB-Technology/PobTools-BETA\sdk\pobeye2\libpob2.a(uart0.o)
 .comment       0x00000036       0x12 C:/Langages/POB-Technology/PobTools-BETA\sdk\pobeye2\libpob2.a(utils.o)

.ARM.attributes
                0x00000000       0x10
 .ARM.attributes
                0x00000000       0x10 ./Simple.o
 .ARM.attributes
                0x00000010       0x10 C:/Langages/POB-Technology/PobTools-BETA\sdk\pobeye2\boot.o
 .ARM.attributes
                0x00000020       0x10 C:/Langages/POB-Technology/PobTools-BETA\sdk\pobeye2\libpob2.a(init.o)
 .ARM.attributes
                0x00000030       0x10 C:/Langages/POB-Technology/PobTools-BETA\sdk\pobeye2\libpob2.a(uart0.o)
 .ARM.attributes
                0x00000040       0x10 C:/Langages/POB-Technology/PobTools-BETA\sdk\pobeye2\libpob2.a(utils.o)
