Archive member included because of file (symbol)

C:/Langages/POB-Technology/PobTools-BETA\sdk\pobeye2\libpob2.a(init.o)
                              ./Camera.o (InitPobeye2)
C:/Langages/POB-Technology/PobTools-BETA\sdk\pobeye2\libpob2.a(i2c.o)
                              ./Camera.o (InitI2C)
C:/Langages/POB-Technology/PobTools-BETA\sdk\pobeye2\libpob2.a(cam_pobeye2.o)
                              ./Camera.o (GetRGBFrame)
C:/Langages/POB-Technology/PobTools-BETA\sdk\pobeye2\libpob2.a(utils.o)
                              C:/Langages/POB-Technology/PobTools-BETA\sdk\pobeye2\libpob2.a(cam_pobeye2.o) (WaitMs)
C:/Langages/POB-Technology/PobTools-BETA\sdk\pobeye2\libpob2.a(uart0.o)
                              C:/Langages/POB-Technology/PobTools-BETA\sdk\pobeye2\libpob2.a(utils.o) (SendByteToUART0)

Memory Configuration

Name             Origin             Length             Attributes
flash            0x00000000         0x0001e000
ram              0x40000000         0x00010000
*default*        0x00000000         0xffffffff

Linker script and memory map

LOAD ./Camera.o
LOAD c:/langages/yagarto/bin/../lib/gcc/arm-elf/4.4.2/../../../../arm-elf/lib/interwork\libc.a
LOAD c:/langages/yagarto/bin/../lib/gcc/arm-elf/4.4.2/../../../../arm-elf/lib/interwork\libm.a
LOAD c:/langages/yagarto/bin/../lib/gcc/arm-elf/4.4.2/interwork\libgcc.a
LOAD C:/Langages/POB-Technology/PobTools-BETA\sdk\pobeye2\boot.o
LOAD C:/Langages/POB-Technology/PobTools-BETA\sdk\pobeye2\libpob2.a
START GROUP
LOAD c:/langages/yagarto/bin/../lib/gcc/arm-elf/4.4.2/interwork\libgcc.a
LOAD c:/langages/yagarto/bin/../lib/gcc/arm-elf/4.4.2/../../../../arm-elf/lib/interwork\libc.a
END GROUP
                0x4000fffc                __stack_end__ = 0x4000fffc
                0x00000000                . = 0x0

startup         0x00000000       0x48
 *(.startup)
 .startup       0x00000000       0x48 C:/Langages/POB-Technology/PobTools-BETA\sdk\pobeye2\boot.o

prog            0x00000048     0x1644
 *(.text)
 .text          0x00000048       0x24 ./Camera.o
                0x00000048                main
 .text          0x0000006c       0xb8 C:/Langages/POB-Technology/PobTools-BETA\sdk\pobeye2\boot.o
                0x0000006c                start
                0x00000108                endless_loop
 .text          0x00000124      0x104 C:/Langages/POB-Technology/PobTools-BETA\sdk\pobeye2\libpob2.a(init.o)
                0x00000218                intr_swi
                0x00000124                InitPobeye2
                0x00000214                intr_undefined
                0x00000224                intr_fiq
                0x00000220                intr_dabort
                0x0000021c                intr_pabort
 .text          0x00000228      0x264 C:/Langages/POB-Technology/PobTools-BETA\sdk\pobeye2\libpob2.a(i2c.o)
                0x000003dc                WriteOnI2C
                0x00000228                InitI2C
                0x00000344                ReadOnI2C
                0x00000410                WriteBufferOnI2C
                0x00000464                StopI2C
                0x0000037c                ReadOnI2CWithAck
                0x0000028c                SendSlaveAddress
 .text          0x0000048c      0x7cc C:/Langages/POB-Technology/PobTools-BETA\sdk\pobeye2\libpob2.a(cam_pobeye2.o)
                0x000006f8                SetCameraParameter
                0x000005c0                GrabRGBFrame
                0x00000728                QvgaRaw
                0x00000be0                InitCameraPobeye2
                0x0000048c                GetRGBFrame
                0x00000498                GrabFullRGBFrame
 .text          0x00000c58      0x4d0 C:/Langages/POB-Technology/PobTools-BETA\sdk\pobeye2\libpob2.a(utils.o)
                0x00001080                WaitMs
                0x00000c58                SetLed
                0x00000fb8                Wait_4Us
                0x00000c88                Bin2Dec
                0x00000c70                ClearLed
                0x00001018                Wait_100Us
                0x000010f0                SendString
                0x00000f88                Bin2Hex
 .text          0x00001128      0x55c C:/Langages/POB-Technology/PobTools-BETA\sdk\pobeye2\libpob2.a(uart0.o)
                0x0000140c                InitUART0
                0x00001128                SetUART0Configuration
                0x0000132c                SendByteToUART0
                0x0000138c                GetByteFromUART0
                0x000013d4                GetBufferFromUART0
                0x000013b0                GetByteFromUART0NoWait
                0x00001354                SendBufferToUART0
 *(.rodata)
 .rodata        0x00001684        0x8 C:/Langages/POB-Technology/PobTools-BETA\sdk\pobeye2\libpob2.a(i2c.o)
 *(.rodata*)
 *(.glue_7)
 .glue_7        0x0000168c        0x0 ./Camera.o
 .glue_7        0x0000168c        0x0 C:/Langages/POB-Technology/PobTools-BETA\sdk\pobeye2\boot.o
 .glue_7        0x0000168c        0x0 C:/Langages/POB-Technology/PobTools-BETA\sdk\pobeye2\libpob2.a(init.o)
 .glue_7        0x0000168c        0x0 C:/Langages/POB-Technology/PobTools-BETA\sdk\pobeye2\libpob2.a(i2c.o)
 .glue_7        0x0000168c        0x0 C:/Langages/POB-Technology/PobTools-BETA\sdk\pobeye2\libpob2.a(cam_pobeye2.o)
 .glue_7        0x0000168c        0x0 C:/Langages/POB-Technology/PobTools-BETA\sdk\pobeye2\libpob2.a(utils.o)
 .glue_7        0x0000168c        0x0 C:/Langages/POB-Technology/PobTools-BETA\sdk\pobeye2\libpob2.a(uart0.o)
 *(.glue_7t)
 .glue_7t       0x0000168c        0x0 ./Camera.o
 .glue_7t       0x0000168c        0x0 C:/Langages/POB-Technology/PobTools-BETA\sdk\pobeye2\boot.o
 .glue_7t       0x0000168c        0x0 C:/Langages/POB-Technology/PobTools-BETA\sdk\pobeye2\libpob2.a(init.o)
 .glue_7t       0x0000168c        0x0 C:/Langages/POB-Technology/PobTools-BETA\sdk\pobeye2\libpob2.a(i2c.o)
 .glue_7t       0x0000168c        0x0 C:/Langages/POB-Technology/PobTools-BETA\sdk\pobeye2\libpob2.a(cam_pobeye2.o)
 .glue_7t       0x0000168c        0x0 C:/Langages/POB-Technology/PobTools-BETA\sdk\pobeye2\libpob2.a(utils.o)
 .glue_7t       0x0000168c        0x0 C:/Langages/POB-Technology/PobTools-BETA\sdk\pobeye2\libpob2.a(uart0.o)

.vfp11_veneer   0x00000000        0x0
 .vfp11_veneer  0x00000000        0x0 ./Camera.o
 .vfp11_veneer  0x00000000        0x0 C:/Langages/POB-Technology/PobTools-BETA\sdk\pobeye2\boot.o
 .vfp11_veneer  0x00000000        0x0 C:/Langages/POB-Technology/PobTools-BETA\sdk\pobeye2\libpob2.a(init.o)
 .vfp11_veneer  0x00000000        0x0 C:/Langages/POB-Technology/PobTools-BETA\sdk\pobeye2\libpob2.a(i2c.o)
 .vfp11_veneer  0x00000000        0x0 C:/Langages/POB-Technology/PobTools-BETA\sdk\pobeye2\libpob2.a(cam_pobeye2.o)
 .vfp11_veneer  0x00000000        0x0 C:/Langages/POB-Technology/PobTools-BETA\sdk\pobeye2\libpob2.a(utils.o)
 .vfp11_veneer  0x00000000        0x0 C:/Langages/POB-Technology/PobTools-BETA\sdk\pobeye2\libpob2.a(uart0.o)

.v4_bx          0x00000000        0x0
 .v4_bx         0x00000000        0x0 ./Camera.o
 .v4_bx         0x00000000        0x0 C:/Langages/POB-Technology/PobTools-BETA\sdk\pobeye2\boot.o
 .v4_bx         0x00000000        0x0 C:/Langages/POB-Technology/PobTools-BETA\sdk\pobeye2\libpob2.a(init.o)
 .v4_bx         0x00000000        0x0 C:/Langages/POB-Technology/PobTools-BETA\sdk\pobeye2\libpob2.a(i2c.o)
 .v4_bx         0x00000000        0x0 C:/Langages/POB-Technology/PobTools-BETA\sdk\pobeye2\libpob2.a(cam_pobeye2.o)
 .v4_bx         0x00000000        0x0 C:/Langages/POB-Technology/PobTools-BETA\sdk\pobeye2\libpob2.a(utils.o)
 .v4_bx         0x00000000        0x0 C:/Langages/POB-Technology/PobTools-BETA\sdk\pobeye2\libpob2.a(uart0.o)

.eh_frame
 *(.eh_frame)
                0x00000000                __end_of_text__ = .

.data           0x40000000        0x0 load address 0x0000168c
                0x40000000                __data_beg__ = .
                0x0000168c                __data_beg_src__ = __end_of_text__
 *(.data)
 .data          0x40000000        0x0 ./Camera.o
 .data          0x40000000        0x0 C:/Langages/POB-Technology/PobTools-BETA\sdk\pobeye2\boot.o
 .data          0x40000000        0x0 C:/Langages/POB-Technology/PobTools-BETA\sdk\pobeye2\libpob2.a(init.o)
 .data          0x40000000        0x0 C:/Langages/POB-Technology/PobTools-BETA\sdk\pobeye2\libpob2.a(i2c.o)
 .data          0x40000000        0x0 C:/Langages/POB-Technology/PobTools-BETA\sdk\pobeye2\libpob2.a(cam_pobeye2.o)
 .data          0x40000000        0x0 C:/Langages/POB-Technology/PobTools-BETA\sdk\pobeye2\libpob2.a(utils.o)
 .data          0x40000000        0x0 C:/Langages/POB-Technology/PobTools-BETA\sdk\pobeye2\libpob2.a(uart0.o)
                0x40000000                __data_end__ = .

.bss            0x40000000     0x4b00
                0x40000000                __bss_beg__ = .
 *(.bss)
 .bss           0x40000000        0x0 ./Camera.o
 .bss           0x40000000        0x0 C:/Langages/POB-Technology/PobTools-BETA\sdk\pobeye2\boot.o
 .bss           0x40000000        0x0 C:/Langages/POB-Technology/PobTools-BETA\sdk\pobeye2\libpob2.a(init.o)
 .bss           0x40000000        0x0 C:/Langages/POB-Technology/PobTools-BETA\sdk\pobeye2\libpob2.a(i2c.o)
 .bss           0x40000000     0x4b00 C:/Langages/POB-Technology/PobTools-BETA\sdk\pobeye2\libpob2.a(cam_pobeye2.o)
 .bss           0x40004b00        0x0 C:/Langages/POB-Technology/PobTools-BETA\sdk\pobeye2\libpob2.a(utils.o)
 .bss           0x40004b00        0x0 C:/Langages/POB-Technology/PobTools-BETA\sdk\pobeye2\libpob2.a(uart0.o)
                0x40004b00                . = ALIGN (0x4)
                0x40004b00                . = ALIGN (0x4)
                0x40004b00                _end = .
                0x40004b00                _bss_end__ = .
                0x40004b00                __bss_end__ = .
                0x40004b00                __end__ = .
                0x40004b00                PROVIDE (end, .)
OUTPUT(./Camera.elf elf32-littlearm)

.comment        0x00000000       0x6c
 .comment       0x00000000       0x12 ./Camera.o
 .comment       0x00000012       0x12 C:/Langages/POB-Technology/PobTools-BETA\sdk\pobeye2\libpob2.a(init.o)
 .comment       0x00000024       0x12 C:/Langages/POB-Technology/PobTools-BETA\sdk\pobeye2\libpob2.a(i2c.o)
 .comment       0x00000036       0x12 C:/Langages/POB-Technology/PobTools-BETA\sdk\pobeye2\libpob2.a(cam_pobeye2.o)
 .comment       0x00000048       0x12 C:/Langages/POB-Technology/PobTools-BETA\sdk\pobeye2\libpob2.a(utils.o)
 .comment       0x0000005a       0x12 C:/Langages/POB-Technology/PobTools-BETA\sdk\pobeye2\libpob2.a(uart0.o)

.ARM.attributes
                0x00000000       0x10
 .ARM.attributes
                0x00000000       0x10 ./Camera.o
 .ARM.attributes
                0x00000010       0x10 C:/Langages/POB-Technology/PobTools-BETA\sdk\pobeye2\boot.o
 .ARM.attributes
                0x00000020       0x10 C:/Langages/POB-Technology/PobTools-BETA\sdk\pobeye2\libpob2.a(init.o)
 .ARM.attributes
                0x00000030       0x10 C:/Langages/POB-Technology/PobTools-BETA\sdk\pobeye2\libpob2.a(i2c.o)
 .ARM.attributes
                0x00000040       0x10 C:/Langages/POB-Technology/PobTools-BETA\sdk\pobeye2\libpob2.a(cam_pobeye2.o)
 .ARM.attributes
                0x00000050       0x10 C:/Langages/POB-Technology/PobTools-BETA\sdk\pobeye2\libpob2.a(utils.o)
 .ARM.attributes
                0x00000060       0x10 C:/Langages/POB-Technology/PobTools-BETA\sdk\pobeye2\libpob2.a(uart0.o)
