
PROGRAM "C:\POBOT\Clés\XBee\XBee S2B\GettingStarted\AppTransparent\XbeeProZBProgrammable\bin\App32T.abs"

*********************************************************************************************
TARGET SECTION
---------------------------------------------------------------------------------------------
Processor   : Freescale HC08
Memory Model: SMALL
File Format : ELF\DWARF 2.0
Linker      : SmartLinker V-5.0.37 Build 9279, Oct  7 2009

*********************************************************************************************
FILE SECTION
---------------------------------------------------------------------------------------------
main.c.o                                Model: SMALL,         Lang: ANSI-C
PRINTF.C.o (ansiis.lib)                 Model: SMALL,         Lang: ANSI-C
RTSHC08.C.o (ansiis.lib)                Model: SMALL,         Lang: ANSI-C
STRING.C.o (ansiis.lib)                 Model: SMALL,         Lang: ANSI-C
Start08.c.o                             Model: SMALL,         Lang: ANSI-C
timer.c.o                               Model: SMALL,         Lang: ANSI-C
vector_table.c.o                        Model: SMALL,         Lang: ANSI-C
ExampleFuncs.c.o                        Model: SMALL,         Lang: ANSI-C
serial.c.o                              Model: SMALL,         Lang: ANSI-C
mc9s08qe32.c.o                          Model: SMALL,         Lang: ANSI-C
Api.c.o                                 Model: SMALL,         Lang: ANSI-C
UARTandPassThru.c.o                     Model: SMALL,         Lang: ANSI-C
flash32KB.c.o                           Model: SMALL,         Lang: ANSI-C
MCUinit.c.o                             Model: SMALL,         Lang: ANSI-C

*********************************************************************************************
STARTUP SECTION
---------------------------------------------------------------------------------------------
Entry point: 0x858B (_Startup)
_startupData is allocated at 0x8594 and uses 6 Bytes
extern struct _tagStartup {
  unsigned nofZeroOut     1
  _Range   pZeroOut       0x216     834
  _Copy    *toCopyDownBeg 0xAFC4
} _startupData;

*********************************************************************************************
SECTION-ALLOCATION SECTION
Section Name                    Size  Type     From       To       Segment
---------------------------------------------------------------------------------------------
APPLICATION_VERSION               23     R     0x8400     0x8416   APP_VER_DATA
FLASH_ROUTINES                   228     R     0x8420     0x8503   APP_FLASH_ROM
.init                            132     R     0x8510     0x8593   APP_ROM
.startData                        18     R     0x8594     0x85A5   APP_ROM
.rodata                          198     R     0x85A6     0x866B   APP_ROM
.rodata1                        2596     R     0x866C     0x908F   APP_ROM
.text                           7988     R     0x9090     0xAFC3   APP_ROM
.copy                              2     R     0xAFC4     0xAFC5   APP_ROM
.abs_section_f1bc                  4     R     0xF1BC     0xF1BF   .absSeg0
.abs_section_200                   2   N/I      0x200      0x201   .absSeg1
.abs_section_204                   2   N/I      0x204      0x205   .absSeg2
.abs_section_208                   2   N/I      0x208      0x209   .absSeg3
.abs_section_20a                   2   N/I      0x20A      0x20B   .absSeg4
.abs_section_0                     1   N/I        0x0        0x0   .absSeg5
.abs_section_1                     1   N/I        0x1        0x1   .absSeg6
.abs_section_2                     1   N/I        0x2        0x2   .absSeg7
.abs_section_3                     1   N/I        0x3        0x3   .absSeg8
.abs_section_4                     1   N/I        0x4        0x4   .absSeg9
.abs_section_5                     1   N/I        0x5        0x5   .absSeg10
.abs_section_6                     1   N/I        0x6        0x6   .absSeg11
.abs_section_7                     1   N/I        0x7        0x7   .absSeg12
.abs_section_8                     1   N/I        0x8        0x8   .absSeg13
.abs_section_9                     1   N/I        0x9        0x9   .absSeg14
.abs_section_c                     1   N/I        0xC        0xC   .absSeg15
.abs_section_d                     1   N/I        0xD        0xD   .absSeg16
.abs_section_e                     1   N/I        0xE        0xE   .absSeg17
.abs_section_f                     1   N/I        0xF        0xF   .absSeg18
.abs_section_10                    1   N/I       0x10       0x10   .absSeg19
.abs_section_11                    1   N/I       0x11       0x11   .absSeg20
.abs_section_16                    1   N/I       0x16       0x16   .absSeg21
.abs_section_17                    1   N/I       0x17       0x17   .absSeg22
.abs_section_18                    1   N/I       0x18       0x18   .absSeg23
.abs_section_1a                    1   N/I       0x1A       0x1A   .absSeg24
.abs_section_1b                    1   N/I       0x1B       0x1B   .absSeg25
.abs_section_22                    1   N/I       0x22       0x22   .absSeg26
.abs_section_23                    1   N/I       0x23       0x23   .absSeg27
.abs_section_24                    1   N/I       0x24       0x24   .absSeg28
.abs_section_25                    1   N/I       0x25       0x25   .absSeg29
.abs_section_26                    1   N/I       0x26       0x26   .absSeg30
.abs_section_27                    1   N/I       0x27       0x27   .absSeg31
.abs_section_28                    1   N/I       0x28       0x28   .absSeg32
.abs_section_29                    1   N/I       0x29       0x29   .absSeg33
.abs_section_2a                    1   N/I       0x2A       0x2A   .absSeg34
.abs_section_2b                    1   N/I       0x2B       0x2B   .absSeg35
.abs_section_2d                    1   N/I       0x2D       0x2D   .absSeg36
.abs_section_30                    1   N/I       0x30       0x30   .absSeg37
.abs_section_31                    1   N/I       0x31       0x31   .absSeg38
.abs_section_32                    1   N/I       0x32       0x32   .absSeg39
.abs_section_33                    1   N/I       0x33       0x33   .absSeg40
.abs_section_34                    1   N/I       0x34       0x34   .absSeg41
.abs_section_35                    1   N/I       0x35       0x35   .absSeg42
.abs_section_38                    1   N/I       0x38       0x38   .absSeg43
.abs_section_39                    1   N/I       0x39       0x39   .absSeg44
.abs_section_3a                    1   N/I       0x3A       0x3A   .absSeg45
.abs_section_3b                    1   N/I       0x3B       0x3B   .absSeg46
.abs_section_3c                    1   N/I       0x3C       0x3C   .absSeg47
.abs_section_3d                    1   N/I       0x3D       0x3D   .absSeg48
.abs_section_3e                    1   N/I       0x3E       0x3E   .absSeg49
.abs_section_40                    1   N/I       0x40       0x40   .absSeg50
.abs_section_45                    1   N/I       0x45       0x45   .absSeg51
.abs_section_48                    1   N/I       0x48       0x48   .absSeg52
.abs_section_4b                    1   N/I       0x4B       0x4B   .absSeg53
.abs_section_50                    1   N/I       0x50       0x50   .absSeg54
.abs_section_55                    1   N/I       0x55       0x55   .absSeg55
.abs_section_58                    1   N/I       0x58       0x58   .absSeg56
.abs_section_5b                    1   N/I       0x5B       0x5B   .absSeg57
.abs_section_60                    1   N/I       0x60       0x60   .absSeg58
.abs_section_65                    1   N/I       0x65       0x65   .absSeg59
.abs_section_68                    1   N/I       0x68       0x68   .absSeg60
.abs_section_6b                    1   N/I       0x6B       0x6B   .absSeg61
.abs_section_6e                    1   N/I       0x6E       0x6E   .absSeg62
.abs_section_71                    1   N/I       0x71       0x71   .absSeg63
.abs_section_74                    1   N/I       0x74       0x74   .absSeg64
.abs_section_1800                  1   N/I     0x1800     0x1800   .absSeg65
.abs_section_1801                  1   N/I     0x1801     0x1801   .absSeg66
.abs_section_1802                  1   N/I     0x1802     0x1802   .absSeg67
.abs_section_1803                  1   N/I     0x1803     0x1803   .absSeg68
.abs_section_1808                  1   N/I     0x1808     0x1808   .absSeg69
.abs_section_1809                  1   N/I     0x1809     0x1809   .absSeg70
.abs_section_180b                  1   N/I     0x180B     0x180B   .absSeg71
.abs_section_180e                  1   N/I     0x180E     0x180E   .absSeg72
.abs_section_180f                  1   N/I     0x180F     0x180F   .absSeg73
.abs_section_1818                  1   N/I     0x1818     0x1818   .absSeg74
.abs_section_1819                  1   N/I     0x1819     0x1819   .absSeg75
.abs_section_181a                  1   N/I     0x181A     0x181A   .absSeg76
.abs_section_181c                  1   N/I     0x181C     0x181C   .absSeg77
.abs_section_181d                  1   N/I     0x181D     0x181D   .absSeg78
.abs_section_181e                  1   N/I     0x181E     0x181E   .absSeg79
.abs_section_181f                  1   N/I     0x181F     0x181F   .absSeg80
.abs_section_1820                  1   N/I     0x1820     0x1820   .absSeg81
.abs_section_1821                  1   N/I     0x1821     0x1821   .absSeg82
.abs_section_1823                  1   N/I     0x1823     0x1823   .absSeg83
.abs_section_1824                  1   N/I     0x1824     0x1824   .absSeg84
.abs_section_1825                  1   N/I     0x1825     0x1825   .absSeg85
.abs_section_1826                  1   N/I     0x1826     0x1826   .absSeg86
.abs_section_1830                  1   N/I     0x1830     0x1830   .absSeg87
.abs_section_1831                  1   N/I     0x1831     0x1831   .absSeg88
.abs_section_1832                  1   N/I     0x1832     0x1832   .absSeg89
.abs_section_1840                  1   N/I     0x1840     0x1840   .absSeg90
.abs_section_1841                  1   N/I     0x1841     0x1841   .absSeg91
.abs_section_1842                  1   N/I     0x1842     0x1842   .absSeg92
.abs_section_1844                  1   N/I     0x1844     0x1844   .absSeg93
.abs_section_1845                  1   N/I     0x1845     0x1845   .absSeg94
.abs_section_1846                  1   N/I     0x1846     0x1846   .absSeg95
.abs_section_1848                  1   N/I     0x1848     0x1848   .absSeg96
.abs_section_1849                  1   N/I     0x1849     0x1849   .absSeg97
.abs_section_184a                  1   N/I     0x184A     0x184A   .absSeg98
.abs_section_184c                  1   N/I     0x184C     0x184C   .absSeg99
.abs_section_184d                  1   N/I     0x184D     0x184D   .absSeg100
.abs_section_184e                  1   N/I     0x184E     0x184E   .absSeg101
.abs_section_1850                  1   N/I     0x1850     0x1850   .absSeg102
.abs_section_1851                  1   N/I     0x1851     0x1851   .absSeg103
.abs_section_1852                  1   N/I     0x1852     0x1852   .absSeg104
.abs_section_1872                  1   N/I     0x1872     0x1872   .absSeg105
.abs_section_1873                  1   N/I     0x1873     0x1873   .absSeg106
.abs_section_1874                  1   N/I     0x1874     0x1874   .absSeg107
.abs_section_1875                  1   N/I     0x1875     0x1875   .absSeg108
.abs_section_1876                  1   N/I     0x1876     0x1876   .absSeg109
.abs_section_1877                  1   N/I     0x1877     0x1877   .absSeg110
.abs_section_12                    2   N/I       0x12       0x13   .absSeg111
.abs_section_14                    2   N/I       0x14       0x15   .absSeg112
.abs_section_20                    2   N/I       0x20       0x21   .absSeg113
.abs_section_41                    2   N/I       0x41       0x42   .absSeg114
.abs_section_43                    2   N/I       0x43       0x44   .absSeg115
.abs_section_46                    2   N/I       0x46       0x47   .absSeg116
.abs_section_49                    2   N/I       0x49       0x4A   .absSeg117
.abs_section_4c                    2   N/I       0x4C       0x4D   .absSeg118
.abs_section_51                    2   N/I       0x51       0x52   .absSeg119
.abs_section_53                    2   N/I       0x53       0x54   .absSeg120
.abs_section_56                    2   N/I       0x56       0x57   .absSeg121
.abs_section_59                    2   N/I       0x59       0x5A   .absSeg122
.abs_section_5c                    2   N/I       0x5C       0x5D   .absSeg123
.abs_section_61                    2   N/I       0x61       0x62   .absSeg124
.abs_section_63                    2   N/I       0x63       0x64   .absSeg125
.abs_section_66                    2   N/I       0x66       0x67   .absSeg126
.abs_section_69                    2   N/I       0x69       0x6A   .absSeg127
.abs_section_6c                    2   N/I       0x6C       0x6D   .absSeg128
.abs_section_6f                    2   N/I       0x6F       0x70   .absSeg129
.abs_section_72                    2   N/I       0x72       0x73   .absSeg130
.abs_section_75                    2   N/I       0x75       0x76   .absSeg131
.abs_section_1806                  2   N/I     0x1806     0x1807   .absSeg132
.abs_section_1810                  2   N/I     0x1810     0x1811   .absSeg133
.abs_section_1812                  2   N/I     0x1812     0x1813   .absSeg134
.abs_section_1814                  2   N/I     0x1814     0x1815   .absSeg135
.abs_section_1816                  2   N/I     0x1816     0x1817   .absSeg136
.abs_section_1870                  2   N/I     0x1870     0x1871   .absSeg137
.abs_section_ffbd                  1     R     0xFFBD     0xFFBD   .absSeg138
.abs_section_ffbf                  1     R     0xFFBF     0xFFBF   .absSeg139
.abs_section_ffc0                 64     R     0xFFC0     0xFFFF   .absSeg140
.bss                             519   R/W      0x216      0x41C   RAM
.common                          315   R/W      0x41D      0x557   RAM
.stack                           144   R/W      0x558      0x5E7   RAM
APP_IVT_vect                      62     R     0xF1C0     0xF1FD   APP_IVT
APP_START_vect                     2     R     0xF1FE     0xF1FF   APP_START

Summary of section sizes per section type:
READ_ONLY (R):        2C37 (dec:    11319)
READ_WRITE (R/W):      3D2 (dec:      978)
NO_INIT (N/I):          A8 (dec:      168)

*********************************************************************************************
VECTOR-ALLOCATION SECTION
    Address     InitValue   InitFunction
---------------------------------------------------------------------------------------------
     0xF1C0        0xA926   vTpm3Ovf
     0xF1C2        0xA989   vDummyIsr
     0xF1C4        0xA989   vDummyIsr
     0xF1C6        0xA989   vDummyIsr
     0xF1C8        0xA989   vDummyIsr
     0xF1CA        0xA989   vDummyIsr
     0xF1CC        0xA989   vDummyIsr
     0xF1CE        0xA989   vDummyIsr
     0xF1D0        0xA989   vDummyIsr
     0xF1D2        0xAAFD   vSci2Rx
     0xF1D4        0xA989   vDummyIsr
     0xF1D6        0xA989   vDummyIsr
     0xF1D8        0xAA18   vAdc
     0xF1DA        0xA934   vKeyboard
     0xF1DC        0xA989   vDummyIsr
     0xF1DE        0xA989   vDummyIsr
     0xF1E0        0xAAE0   vSci1Rx
     0xF1E2        0xA989   vDummyIsr
     0xF1E4        0xA989   vDummyIsr
     0xF1E6        0xA989   vDummyIsr
     0xF1E8        0xA919   vTpm2Ovf
     0xF1EA        0xA989   vDummyIsr
     0xF1EC        0xA989   vDummyIsr
     0xF1EE        0xA989   vDummyIsr
     0xF1F0        0xA90B   vTpm1Ovf
     0xF1F2        0xA989   vDummyIsr
     0xF1F4        0xA989   vDummyIsr
     0xF1F6        0xA989   vDummyIsr
     0xF1F8        0xA989   vDummyIsr
     0xF1FA        0xA989   vDummyIsr
     0xF1FC        0xA989   vDummyIsr
     0xF1FE        0x858B   _Startup

*********************************************************************************************
OBJECT-ALLOCATION SECTION
     Name               Module                 Addr   hSize   dSize     Ref    Section   RLIB
---------------------------------------------------------------------------------------------
MODULE:                 -- main.c.o --
- PROCEDURES:
     main                                      9090      D9     217       2   .text       
     PrintAppVersion                           9169      2D      45       1   .text       
     CheckResetCause                           9196      7E     126       1   .text       
     OutputRxDataToHost                        9214      3B      59       1   .text       
     ProcessReceivedRadioData                  924F      BF     191       1   .text       
     CheckForBufferOverflow                    930E      29      41       1   .text       
     ProcessHostDataForTransmission            9337      75     117       1   .text       
     UpperCase                                 93AC      31      49       3   .text       
     PrintInHexToHost                          93DD      65     101       4   .text       
     ProcessCommand                            9442     1EB     491      15   .text       
     EraseReservedFlashBlock                   962D      1D      29       1   .text       
     WriteReservedFlashBlock                   964A      71     113       2   .text       
     ValidateFlash                             96BB      41      65       1   .text       
     InitMain                                  96FC      6A     106       1   .text       
     PrintBLResetCause                         9766      14      20       1   .text       
     AsciiHexToNumber                          977A     125     293       5   .text       
     CmpText                                   989F      36      54       9   .text       
     TransmitData                              98D5      F9     249       2   .text       
     GetDHDL                                   99CE     174     372       8   .text       
     PrintMenu                                 9B42      B0     176       3   .text       
     GetHexAddressForOTAUpdate                 9BF2      F4     244       2   .text       
     SleepModule                               9CE6      5D      93       1   .text       
     GetNewMessageForFlash                     9D43      45      69       1   .text       
     SpecialMenu                               9D88     11B     283       3   .text       
     InitClocks                                9EA3      16      22       1   .text       
     GetApplicationVersionString               9EB9      22      34       1   .text       
     CheckDIO                                  9EDB      31      49       1   .text       
     GetDioStates                              9F0C       C      12       2   .text       
     SetDioStates                              9F18      33      51       1   .text       
- VARIABLES:
     TXPACKET                                  85A6      11      17       3   .rodata     
     ATDH_ATDL                                 85B7      10      16       1   .rodata     
     ATDH_RESP                                 85C7       8       8       1   .rodata     
     ATDL_RESP                                 85CF       8       8       1   .rodata     
     DIO_STATE                                 85D7       3       3       1   .rodata     
     ADC_STATE                                 85DA       3       3       1   .rodata     
     CR                                        85DD       2       2       3   .rodata     
     ILLEGAL_INSTRUCTION                       85DF       4       4       1   .rodata     
     COORDINATOR_ADDRESS_0                     85E3       8       8       1   .rodata     
     NOTHING_MESSAGE                           85EB       8       8       1   .rodata     
     STRING...App.Version...s..4               866C      13      19       1   .rodata1    
     STRING.Watchdog.Timeout.Res.5             867F      18      24       1   .rodata1    
     STRING.Reset.Button.Pushed..6             8697      15      21       1   .rodata1    
     STRING.Power.On.Reset..7                  86AC      10      16       1   .rodata1    
     STRING.Illegal.Instruction..8             86BC      1B      27       1   .rodata1    
     STRING..ByPass.Mode.Started.9             86D7      16      22       1   .rodata1    
     STRING..Use.RESET.Button.Li.10            86ED      2D      45       1   .rodata1    
     STRING..Turn.power.off.and..11            871A      2B      43       1   .rodata1    
     STRING..OTA..12                           8745       6       6       1   .rodata1    
     STRING.allume.13                          874B       7       7       1   .rodata1    
     STRING.eteint.14                          8752       7       7       1   .rodata1    
     STRING.RX.buffer.overflow.E.15            8759      26      38       1   .rodata1    
     STRING..radioUARTRxDataBuff.16            877F      2E      46       1   .rodata1    
     STRING.Increase.RX_RADIO_BU.17            87AD      22      34       1   .rodata1    
     STRING.....18                             87CF       4       4       1   .rodata1    
     STRING.OK..19                             87D3       4       4       1   .rodata1    
     STRING.ATCN.20                            87D7       5       5       1   .rodata1    
     STRING..Transparent.mode.st.21            87DC      1B      27       1   .rodata1    
     STRING.AT.22                              87F7       3       3       1   .rodata1    
     STRING.NI.23                              87FA       3       3       1   .rodata1    
     STRING.DN.24                              87FD       3       3       1   .rodata1    
     STRING.EXIT.25                            8800       5       5       1   .rodata1    
     STRING.MENU.26                            8805       5       5       1   .rodata1    
     STRING..Echo.On..27                       880A       A      10       1   .rodata1    
     STRING..Echo.Off..28                      8814       B      11       1   .rodata1    
     STRING..Show.Api.On..29                   881F       E      14       1   .rodata1    
     STRING..Show.Api.Off..30                  882D       F      15       1   .rodata1    
     STRING..DIO.Passing.On..31                883C      11      17       1   .rodata1    
     STRING..DIO.Passing.Off..32               884D      12      18       1   .rodata1    
     STRING.HELP.33                            885F       5       5       1   .rodata1    
     STRING.Invalid.AT.command..34             8864      14      20       1   .rodata1    
     STRING.Reserved.Flash.is.Er.35            8878      27      39       1   .rodata1    
     STRING.Reserved.Flash.is.no.36            889F      26      38       1   .rodata1    
     STRING.ERROR.during.Flash.W.37            88C5      1A      26       1   .rodata1    
     STRING.BLResetCause....38                 88DF      10      16       1   .rodata1    
     STRING.Timeout.on.DHDL.resp.39            88EF      1A      26       1   .rodata1    
     STRING.Timeout.on.DHDL.resp.40            8909      1B      27       1   .rodata1    
     STRING..HELP.MENU..41                     8924       C      12       1   .rodata1    
     STRING......or..HELP..displ.42            8930      2E      46       1   .rodata1    
     STRING..Type..AT..before.an.43            895E      22      34       1   .rodata1    
     STRING..Type..ATCN..to.exit.44            8980      28      40       1   .rodata1    
     STRING..Type.......to.enter.45            89A8      1E      30       1   .rodata1    
     STRING...46                               89C6       2       2       1   .rodata1    
     STRING..Commands.for.CMD.Mo.47            89C8      18      24       1   .rodata1    
     STRING.........Use.the.char.48            89E0      30      48       1   .rodata1    
     STRING.........while.still..49            8A10      2F      47       1   .rodata1    
     STRING.........The.packet.w.50            8A3F      2E      46       1   .rodata1    
     STRING.........address.stor.51            8A6D      24      36       1   .rodata1    
     STRING...E.....turns.charac.52            8A91      28      40       1   .rodata1    
     STRING...A.....turns.RX.Api.53            8AB9      28      40       1   .rodata1    
     STRING...D.....turns.DIO.pa.54            8AE1      25      37       1   .rodata1    
     STRING...EXIT..or..MENU..le.55            8B06      2A      42       1   .rodata1    
     STRING.........starts.speci.56            8B30      2D      45       1   .rodata1    
     STRING...57                               8B5D       2       2       1   .rodata1    
     STRING....OTA...sent.in.1.u.58            8B5F      29      41       1   .rodata1    
     STRING..........the.App.to..59            8B88      2D      45       1   .rodata1    
     STRING..........so.an.OTA.u.60            8BB5      2C      44       1   .rodata1    
     STRING..........This.comman.61            8BE1      29      41       1   .rodata1    
     STRING..Transparent.mode.st.62            8C0A      1A      26       1   .rodata1    
     STRING..Type.....to.start.u.63            8C24      23      35       1   .rodata1    
     STRING...64                               8C47       2       2       1   .rodata1    
     STRING...65                               8C49       2       2       1   .rodata1    
     STRING..Enter.Hex.64bit.Add.66            8C4B      2A      42       1   .rodata1    
     STRING..Is.64bit.address.0x.67            8C75      15      21       1   .rodata1    
     STRING..correct..y.yes.q.qu.68            8C8A      18      24       1   .rodata1    
     STRING..64.bit.address.0x0..69            8CA2      26      38       1   .rodata1    
     STRING..Please.type.in.the..70            8CC8      30      48       1   .rodata1    
     STRING..Use.ATSH.and.ATSL.t.71            8CF8      2D      45       1   .rodata1    
     STRING..Starting.Update.wit.72            8D25      1F      31       1   .rodata1    
     STRING.SM.73                              8D44       3       3       1   .rodata1    
     STRING..De.assert.DTR.line..74            8D47      28      40       1   .rodata1    
     STRING.Waiting.for.Ember.to.75            8D6F      1D      29       1   .rodata1    
     STRING.Raise.DTR.line.to.Wa.76            8D8C      1F      31       1   .rodata1    
     STRING.Ember.will.wake.Free.77            8DAB      1C      28       1   .rodata1    
     STRING.....Freescale.is.now.78            8DC7      1D      29       1   .rodata1    
     STRING.DTR.line.will.still..79            8DE4      22      34       1   .rodata1    
     STRING.Menu.option..S..will.80            8E06      27      39       1   .rodata1    
     STRING.Enter.a.new.message..81            8E2D      1F      31       1   .rodata1    
     STRING...ERROR.during.Flash.82            8E4C      1C      28       1   .rodata1    
     STRING..New.Message.is.NEVE.83            8E68      30      48       1   .rodata1    
     STRING..MENU..84                          8E98       7       7       1   .rodata1    
     STRING..A..to.enter.Bootloa.85            8E9F      18      24       1   .rodata1    
     STRING..B..to.enter.Bootloa.86            8EB7      24      36       1   .rodata1    
     STRING.........RESET.will.R.87            8EDB      24      36       1   .rodata1    
     STRING..C..to.enter.Custom..88            8EFF      20      32       1   .rodata1    
     STRING.........RESET.Button.89            8F1F      23      35       1   .rodata1    
     STRING.........Power.Off.to.90            8F42      26      38       1   .rodata1    
     STRING..F..for.an.OTA.Flash.91            8F68      1C      28       1   .rodata1    
     STRING..I..to.cause.an.Ille.92            8F84      2A      42       1   .rodata1    
     STRING..R..to.force.a.Watch.93            8FAE      1E      30       1   .rodata1    
     STRING..S..to.sleep.module.94             8FCC      14      20       1   .rodata1    
     STRING..V..to.Read.APP.Rese.95            8FE0      1F      31       1   .rodata1    
     STRING..W..to.Write.APP.Res.96            8FFF      20      32       1   .rodata1    
     STRING..E..to.Erase.APP.Res.97            901F      20      32       1   .rodata1    
     STRING..Q..to.Quit.this.men.98            903F      18      24       1   .rodata1    
     STRING..Causing.Watchdog.Re.99            9057      18      24       1   .rodata1    
     STRING.salut.100                          906F       6       6       1   .rodata1    
     atDHDLRequestTimeout                       216       1       1       7   .bss        
     hostRxBufferIndex                          217       1       1      28   .bss        
     hostUARTRxBuffer                           218      B6     182      37   .bss        
     radioUARTRxApiDataBuf                      2CE       2       2      15   .bss        
     radioUARTRxDataBuf                         2D0      64     100       7   .bss        
     radioRxBufferTail                          334       1       1      16   .bss        
     echoOn                                     335       1       1       4   .bss        
     showApi                                    336       1       1       7   .bss        
     cmdMode                                    337       1       1      14   .bss        
     dioEnabled                                 338       1       1       5   .bss        
     dioState                                   339       1       1       2   .bss        
     dioPreviousState                           33A       1       1       3   .bss        
     dest64                                     33B       8       8       9   .bss        
     flashStorage                               343       2       2       7   .bss        
     version                                   8400      17      23       2   APPLICATION_VERSION
     pAppVersion                               F1BC       4       4       2   .abs_section_f1bc
     cPrintStrBuf                               41D      1E      30       4   .common     
MODULE:                 -- PRINTF.C.o (ansiis.lib) --
- PROCEDURES:
     vprintf                                   9F4B     5AA    1450      37   .text       
     _out                                      A4F5       D      13       9   .text       
     deposit_char                              A502      15      21       1   .text       
     sprintf                                   A517      3B      59       1   .text       
- VARIABLES:
     pow10                                     85F3      28      40       4   .rodata     
     pow16                                     861B      20      32       4   .rodata     
     pow8                                      863B      2C      44       4   .rodata     
     pbuf                                       345       6       6      15   .bss        
MODULE:                 -- RTSHC08.C.o (ansiis.lib) --
- PROCEDURES:
     _PUSH_ARGS_L                              A552      20      32       1   .text       
     _ENTER_UNARY_L                            A572      29      41       1   .text       
     _ENTER_BINARY_L                           A59B      16      22       2   .text       
     _LSUB_k_is_k_minus_j                      A5B1      1F      31       1   .text       
     _LCMP_k_rel_j                             A5D0      1F      31       1   .text       
     _IMUL_STAR08                              A5EF      27      39       2   .text       
     _ICMP                                     A616      16      22       3   .text       
     _LNEG                                     A62C      1C      28       1   .text       
     _LSUB                                     A648       6       6       1   .text       
     _LCMP                                     A64E       6       6       4   .text       
     _COPY                                     A654      30      48       3   .text       
     _POP32                                    A684      1A      26       3   .text       
     _SEXT16_32                                A69E       D      13       1   .text       
     _Jump_Table_Addr                          A6AB      16      22       1   .text       
     _Jump_Table_Offset                        A6C1      19      25       2   .text       
     _Search_Table_8_Addr                      A6DA      21      33       1   .text       
     _Search_Table_8_Offset                    A6FB      25      37       1   .text       
- VARIABLES:
MODULE:                 -- STRING.C.o (ansiis.lib) --
- PROCEDURES:
     memcpy                                    A720      3D      61       1   .text       
     strlen                                    A75D      27      39       1   .text       
- VARIABLES:
MODULE:                 -- Start08.c.o --
- PROCEDURES:
     loadByte                                  8510       E      14       5   .init       
     Init                                      851E      6D     109       1   .init       
     _Startup                                  858B       9       9       1   .init       
- VARIABLES:
     _startupData                              8594       6       6       4   .startData  
- LABELS:
     __SEG_END_SSTACK                           5E8       0       0       1               
MODULE:                 -- timer.c.o --
- PROCEDURES:
     SetTimer3AmS                              A784      2D      45       2   .text       
     Timer3AExpired                            A7B1      32      50       3   .text       
     SetTimer3BmS                              A7E3      2D      45       1   .text       
     ResetTimer3B                              A810      22      34       1   .text       
     Timer3BExpired                            A832      32      50       2   .text       
     WaitmS                                    A864      3B      59       6   .text       
     InitTimers                                A89F      4F      79       1   .text       
     InitKeyboardInterupt                      A8EE      1D      29       1   .text       
     vTpm1Ovf                                  A90B       E      14       0   .text       
     vTpm2Ovf                                  A919       D      13       0   .text       
     vTpm3Ovf                                  A926       E      14       0   .text       
     vKeyboard                                 A934      55      85       0   .text       
- VARIABLES:
     timerFlag                                  34B       1       1      10   .bss        
     timer3ATimeout                             34C       2       2       2   .bss        
     timer3ATime                                34E       2       2       2   .bss        
     timer3BTimeout                             350       2       2       3   .bss        
     timer3BTime                                352       2       2       3   .bss        
     radioType                                  354       1       1       3   .bss        
     associateTicksL                            355       2       2       4   .bss        
     timer3StartTick                            357       2       2       2   .bss        
     timer2RollOverTicks                        359       2       2       3   .bss        
MODULE:                 -- vector_table.c.o --
- PROCEDURES:
     vDummyIsr                                 A989       8       8       0   .text       
- VARIABLES:
     STRING.STUCK.IN.UNASSIGNED..1             9075      1B      27       1   .rodata1    
MODULE:                 -- ExampleFuncs.c.o --
- PROCEDURES:
     InitGpio                                  A991      3E      62       1   .text       
     ResetEM250                                A9CF       D      13       1   .text       
     InitADC                                   A9DC      22      34       1   .text       
     ResetHardware                             A9FE      1A      26       5   .text       
     vAdc                                      AA18      19      25       0   .text       
- VARIABLES:
     AppResetCause                              200       2       2       5   .abs_section_200
     BLResetCause                               204       2       2       2   .abs_section_204
     AppString                                  208       2       2       0   .abs_section_208
     CmdMode                                    20A       2       2       0   .abs_section_20a
     lastADCvalue                               43B       2       2       1   .common     
MODULE:                 -- serial.c.o --
- PROCEDURES:
     InitHostUART                              AA31      10      16       1   .text       
     InitRadioUART                             AA41      18      24       1   .text       
     InitUARTs                                 AA59       4       4       1   .text       
     DisableHostUARTIsr                        AA5D       3       3       1   .text       
     EnableRadioUARTIsr                        AA60       8       8       1   .text       
     WriteToHostUART                           AA68      2C      44      83   .text       
     WriteToHostUARTLen                        AA94      24      36       5   .text       
     WriteToRadioUARTLen                       AAB8      28      40       3   .text       
     vSci1Rx                                   AAE0      1D      29       0   .text       
     vSci2Rx                                   AAFD      19      25       0   .text       
- VARIABLES:
     hostRxBuf                                  43D      19      25       1   .common     
     hostRxBufIndex                             456       1       1       4   .common     
     radioRxBuf                                 457     100     256      26   .common     
     radioRxBufIndex                            557       1       1      10   .common     
MODULE:                 -- mc9s08qe32.c.o --
- PROCEDURES:
- VARIABLES:
     _PTAD                                        0       1       1      14   .abs_section_0
     _PTADD                                       1       1       1       2   .abs_section_1
     _PTBD                                        2       1       1      24   .abs_section_2
     _PTBDD                                       3       1       1       3   .abs_section_3
     _PTCD                                        4       1       1      28   .abs_section_4
     _PTCDD                                       5       1       1      11   .abs_section_5
     _PTDD                                        6       1       1       5   .abs_section_6
     _PTDDD                                       7       1       1       2   .abs_section_7
     _PTED                                        8       1       1       1   .abs_section_8
     _PTEDD                                       9       1       1       1   .abs_section_9
     _KBI1SC                                      C       1       1       4   .abs_section_c
     _KBI1PE                                      D       1       1       0   .abs_section_d
     _KBI1ES                                      E       1       1       0   .abs_section_e
     _IRQSC                                       F       1       1       0   .abs_section_f
     _ADCSC1                                     10       1       1       0   .abs_section_10
     _ADCSC2                                     11       1       1       1   .abs_section_11
     _ADCCFG                                     16       1       1       8   .abs_section_16
     _APCTL1                                     17       1       1       1   .abs_section_17
     _APCTL2                                     18       1       1       1   .abs_section_18
     _ACMP1SC                                    1A       1       1       0   .abs_section_1a
     _ACMP2SC                                    1B       1       1       0   .abs_section_1b
     _SCI1C1                                     22       1       1       1   .abs_section_22
     _SCI1C2                                     23       1       1       3   .abs_section_23
     _SCI1S1                                     24       1       1      19   .abs_section_24
     _SCI1S2                                     25       1       1       1   .abs_section_25
     _SCI1C3                                     26       1       1       1   .abs_section_26
     _SCI1D                                      27       1       1      16   .abs_section_27
     _SPIC1                                      28       1       1       0   .abs_section_28
     _SPIC2                                      29       1       1       0   .abs_section_29
     _SPIBR                                      2A       1       1       0   .abs_section_2a
     _SPIS                                       2B       1       1       0   .abs_section_2b
     _SPID                                       2D       1       1       0   .abs_section_2d
     _IICA                                       30       1       1       0   .abs_section_30
     _IICF                                       31       1       1       0   .abs_section_31
     _IICC1                                      32       1       1       0   .abs_section_32
     _IICS                                       33       1       1       0   .abs_section_33
     _IICD                                       34       1       1       0   .abs_section_34
     _IICC2                                      35       1       1       0   .abs_section_35
     _ICSC1                                      38       1       1       2   .abs_section_38
     _ICSC2                                      39       1       1       2   .abs_section_39
     _ICSTRM                                     3A       1       1       1   .abs_section_3a
     _ICSSC                                      3B       1       1       4   .abs_section_3b
     _KBI2SC                                     3C       1       1       5   .abs_section_3c
     _KBI2PE                                     3D       1       1       3   .abs_section_3d
     _KBI2ES                                     3E       1       1       3   .abs_section_3e
     _TPM1SC                                     40       1       1       7   .abs_section_40
     _TPM1C0SC                                   45       1       1       0   .abs_section_45
     _TPM1C1SC                                   48       1       1       0   .abs_section_48
     _TPM1C2SC                                   4B       1       1       0   .abs_section_4b
     _TPM2SC                                     50       1       1       7   .abs_section_50
     _TPM2C0SC                                   55       1       1       0   .abs_section_55
     _TPM2C1SC                                   58       1       1       0   .abs_section_58
     _TPM2C2SC                                   5B       1       1       0   .abs_section_5b
     _TPM3SC                                     60       1       1       8   .abs_section_60
     _TPM3C0SC                                   65       1       1       0   .abs_section_65
     _TPM3C1SC                                   68       1       1       0   .abs_section_68
     _TPM3C2SC                                   6B       1       1       0   .abs_section_6b
     _TPM3C3SC                                   6E       1       1       0   .abs_section_6e
     _TPM3C4SC                                   71       1       1       0   .abs_section_71
     _TPM3C5SC                                   74       1       1       0   .abs_section_74
     _SRS                                      1800       1       1      44   .abs_section_1800
     _SBDFR                                    1801       1       1       0   .abs_section_1801
     _SOPT1                                    1802       1       1       1   .abs_section_1802
     _SOPT2                                    1803       1       1       0   .abs_section_1803
     _SPMSC1                                   1808       1       1       1   .abs_section_1808
     _SPMSC2                                   1809       1       1       0   .abs_section_1809
     _SPMSC3                                   180B       1       1       0   .abs_section_180b
     _SCGC1                                    180E       1       1       0   .abs_section_180e
     _SCGC2                                    180F       1       1       0   .abs_section_180f
     _DBGCAX                                   1818       1       1       0   .abs_section_1818
     _DBGCBX                                   1819       1       1       0   .abs_section_1819
     _DBGCCX                                   181A       1       1       0   .abs_section_181a
     _DBGC                                     181C       1       1       0   .abs_section_181c
     _DBGT                                     181D       1       1       0   .abs_section_181d
     _DBGS                                     181E       1       1       0   .abs_section_181e
     _DBGCNT                                   181F       1       1       0   .abs_section_181f
     _FCDIV                                    1820       1       1       1   .abs_section_1820
     _FOPT                                     1821       1       1       0   .abs_section_1821
     _FCNFG                                    1823       1       1       0   .abs_section_1823
     _FPROT                                    1824       1       1       0   .abs_section_1824
     _FSTAT                                    1825       1       1      18   .abs_section_1825
     _FCMD                                     1826       1       1       2   .abs_section_1826
     _RTCSC                                    1830       1       1       0   .abs_section_1830
     _RTCCNT                                   1831       1       1       0   .abs_section_1831
     _RTCMOD                                   1832       1       1       0   .abs_section_1832
     _PTAPE                                    1840       1       1       2   .abs_section_1840
     _PTASE                                    1841       1       1       0   .abs_section_1841
     _PTADS                                    1842       1       1       0   .abs_section_1842
     _PTBPE                                    1844       1       1       1   .abs_section_1844
     _PTBSE                                    1845       1       1       0   .abs_section_1845
     _PTBDS                                    1846       1       1       0   .abs_section_1846
     _PTCPE                                    1848       1       1       1   .abs_section_1848
     _PTCSE                                    1849       1       1       0   .abs_section_1849
     _PTCDS                                    184A       1       1       0   .abs_section_184a
     _PTDPE                                    184C       1       1       1   .abs_section_184c
     _PTDSE                                    184D       1       1       0   .abs_section_184d
     _PTDDS                                    184E       1       1       0   .abs_section_184e
     _PTEPE                                    1850       1       1       2   .abs_section_1850
     _PTESE                                    1851       1       1       0   .abs_section_1851
     _PTEDS                                    1852       1       1       0   .abs_section_1852
     _SCI2C1                                   1872       1       1       1   .abs_section_1872
     _SCI2C2                                   1873       1       1       3   .abs_section_1873
     _SCI2S1                                   1874       1       1       3   .abs_section_1874
     _SCI2S2                                   1875       1       1       1   .abs_section_1875
     _SCI2C3                                   1876       1       1       1   .abs_section_1876
     _SCI2D                                    1877       1       1       3   .abs_section_1877
     _ADCR                                       12       2       2       2   .abs_section_12
     _ADCCV                                      14       2       2       0   .abs_section_14
     _SCI1BD                                     20       2       2       1   .abs_section_20
     _TPM1CNT                                    41       2       2       1   .abs_section_41
     _TPM1MOD                                    43       2       2       0   .abs_section_43
     _TPM1C0V                                    46       2       2       0   .abs_section_46
     _TPM1C1V                                    49       2       2       0   .abs_section_49
     _TPM1C2V                                    4C       2       2       0   .abs_section_4c
     _TPM2CNT                                    51       2       2       1   .abs_section_51
     _TPM2MOD                                    53       2       2       1   .abs_section_53
     _TPM2C0V                                    56       2       2       0   .abs_section_56
     _TPM2C1V                                    59       2       2       0   .abs_section_59
     _TPM2C2V                                    5C       2       2       0   .abs_section_5c
     _TPM3CNT                                    61       2       2      10   .abs_section_61
     _TPM3MOD                                    63       2       2       1   .abs_section_63
     _TPM3C0V                                    66       2       2       0   .abs_section_66
     _TPM3C1V                                    69       2       2       0   .abs_section_69
     _TPM3C2V                                    6C       2       2       0   .abs_section_6c
     _TPM3C3V                                    6F       2       2       0   .abs_section_6f
     _TPM3C4V                                    72       2       2       0   .abs_section_72
     _TPM3C5V                                    75       2       2       0   .abs_section_75
     _SDID                                     1806       2       2       0   .abs_section_1806
     _DBGCA                                    1810       2       2       0   .abs_section_1810
     _DBGCB                                    1812       2       2       0   .abs_section_1812
     _DBGCC                                    1814       2       2       0   .abs_section_1814
     _DBGF                                     1816       2       2       0   .abs_section_1816
     _SCI2BD                                   1870       2       2       1   .abs_section_1870
MODULE:                 -- Api.c.o --
- PROCEDURES:
     GetTxDataBuffer                           AB16       4       4       1   .text       
     SetTail                                   AB1A       8       8       2   .text       
     GetNumberOfCharsInBuff                    AB22       7       7       1   .text       
     CalcChecksum                              AB29      20      32       4   .text       
     CopyAtCommandToHost                       AB49      25      37       1   .text       
     WriteAtCommandRadioLen                    AB6E      79     121       2   .text       
     GetLastFrameType                          ABE7       4       4       1   .text       
     WasUnicast                                ABEB       8       8       1   .text       
     ReadApiRadio                              ABF3     2A4     676      12   .text       
     readEM250                                 AE97       4       4       5   .text       
- VARIABLES:
     ATCOMMAND                                 8667       5       5       1   .rodata     
     apibuf                                     35B      62      98       1   .bss        
     atbuf                                      3BD      50      80      10   .bss        
     tail                                       40D       1       1      23   .bss        
     head                                       40E       1       1       6   .bss        
     state                                      40F       1       1       5   .bss        
     lengthApi                                  410       1       1       6   .bss        
     fixedSourceAddress                         411       8       8       1   .bss        
     isFixed                                    419       1       1       1   .bss        
     frameType                                  41A       1       1       2   .bss        
     lastFrame                                  41B       1       1       3   .bss        
     lastRxOption                               41C       1       1       2   .bss        
MODULE:                 -- UARTandPassThru.c.o --
- PROCEDURES:
     DoPassThroughMode                         AE9B      DC     220       3   .text       
- VARIABLES:
MODULE:                 -- flash32KB.c.o --
- PROCEDURES:
     programByte                               AF77      12      18       2   .text       
     CopyInRAMFlashFunctions                   AF89      3A      58       1   .text       
     erase                                     8420      5C      92       4   FLASH_ROUTINES        100
     program                                   847C      88     136       2   FLASH_ROUTINES        15C
- VARIABLES:
- LABELS:
     __SEG_START_FLASH_ROUTINES                8420       0       0       1               
     __SEG_SIZE_FLASH_ROUTINES                   E4       0       0       1               
MODULE:                 -- MCUinit.c.o --
- PROCEDURES:
     isrVlvd                                   AFC3       1       1       1   .text       
- VARIABLES:
     NVPROT_INIT                               FFBD       1       1       0   .abs_section_ffbd
     NVOPT_INIT                                FFBF       1       1       0   .abs_section_ffbf
     _vect                                     FFC0      40      64       0   .abs_section_ffc0

*********************************************************************************************
MODULE STATISTIC
  Name                                      Data   Code  Const
---------------------------------------------------------------------------------------------
  main.c.o                                   333   3771   2673
  PRINTF.C.o (ansiis.lib)                      6   1543    116
  RTSHC08.C.o (ansiis.lib)                     0    462      0
  STRING.C.o (ansiis.lib)                      0    100      0
  Start08.c.o                                  0    132      0
  timer.c.o                                   16    517      0
  vector_table.c.o                             0      8     27
  ExampleFuncs.c.o                            10    160      0
  serial.c.o                                 283    229      0
  mc9s08qe32.c.o                             160      0      0
  Api.c.o                                    194    901      5
  UARTandPassThru.c.o                          0    220      0
  flash32KB.c.o                                0    304      0
  MCUinit.c.o                                  0      1     66
  other                                      144     82      2

*********************************************************************************************
SECTION USE IN OBJECT-ALLOCATION SECTION
---------------------------------------------------------------------------------------------
SECTION: ".text"
  main PrintAppVersion CheckResetCause OutputRxDataToHost 
  ProcessReceivedRadioData CheckForBufferOverflow 
  ProcessHostDataForTransmission UpperCase PrintInHexToHost ProcessCommand 
  EraseReservedFlashBlock WriteReservedFlashBlock ValidateFlash InitMain 
  PrintBLResetCause AsciiHexToNumber CmpText TransmitData GetDHDL PrintMenu 
  GetHexAddressForOTAUpdate SleepModule GetNewMessageForFlash SpecialMenu 
  InitClocks GetApplicationVersionString CheckDIO GetDioStates SetDioStates 
  vprintf _out deposit_char sprintf _PUSH_ARGS_L _ENTER_UNARY_L _ENTER_BINARY_L 
  _LSUB_k_is_k_minus_j _LCMP_k_rel_j _IMUL_STAR08 _ICMP _LNEG _LSUB _LCMP _COPY 
  _POP32 _SEXT16_32 _Jump_Table_Addr _Jump_Table_Offset _Search_Table_8_Addr 
  _Search_Table_8_Offset memcpy strlen SetTimer3AmS Timer3AExpired SetTimer3BmS 
  ResetTimer3B Timer3BExpired WaitmS InitTimers InitKeyboardInterupt vTpm1Ovf 
  vTpm2Ovf vTpm3Ovf vKeyboard vDummyIsr InitGpio ResetEM250 InitADC 
  ResetHardware vAdc InitHostUART InitRadioUART InitUARTs DisableHostUARTIsr 
  EnableRadioUARTIsr WriteToHostUART WriteToHostUARTLen WriteToRadioUARTLen 
  vSci1Rx vSci2Rx GetTxDataBuffer SetTail GetNumberOfCharsInBuff CalcChecksum 
  CopyAtCommandToHost WriteAtCommandRadioLen GetLastFrameType WasUnicast 
  ReadApiRadio readEM250 DoPassThroughMode programByte CopyInRAMFlashFunctions 
  isrVlvd 
SECTION: ".bss"
  atDHDLRequestTimeout hostRxBufferIndex hostUARTRxBuffer 
  radioUARTRxApiDataBuf radioUARTRxDataBuf radioRxBufferTail echoOn showApi 
  cmdMode dioEnabled dioState dioPreviousState dest64 flashStorage pbuf 
  timerFlag timer3ATimeout timer3ATime timer3BTimeout timer3BTime radioType 
  associateTicksL timer3StartTick timer2RollOverTicks apibuf atbuf tail head 
  state lengthApi fixedSourceAddress isFixed frameType lastFrame lastRxOption 
SECTION: ".init"
  loadByte Init _Startup 
SECTION: ".rodata"
  TXPACKET ATDH_ATDL ATDH_RESP ATDL_RESP DIO_STATE ADC_STATE CR 
  ILLEGAL_INSTRUCTION COORDINATOR_ADDRESS_0 NOTHING_MESSAGE pow10 pow16 pow8 
  ATCOMMAND 
SECTION: ".rodata1"
  STRING...App.Version...s..4 STRING.Watchdog.Timeout.Res.5 
  STRING.Reset.Button.Pushed..6 STRING.Power.On.Reset..7 
  STRING.Illegal.Instruction..8 STRING..ByPass.Mode.Started.9 
  STRING..Use.RESET.Button.Li.10 STRING..Turn.power.off.and..11 STRING..OTA..12 
  STRING.allume.13 STRING.eteint.14 STRING.RX.buffer.overflow.E.15 
  STRING..radioUARTRxDataBuff.16 STRING.Increase.RX_RADIO_BU.17 STRING.....18 
  STRING.OK..19 STRING.ATCN.20 STRING..Transparent.mode.st.21 STRING.AT.22 
  STRING.NI.23 STRING.DN.24 STRING.EXIT.25 STRING.MENU.26 STRING..Echo.On..27 
  STRING..Echo.Off..28 STRING..Show.Api.On..29 STRING..Show.Api.Off..30 
  STRING..DIO.Passing.On..31 STRING..DIO.Passing.Off..32 STRING.HELP.33 
  STRING.Invalid.AT.command..34 STRING.Reserved.Flash.is.Er.35 
  STRING.Reserved.Flash.is.no.36 STRING.ERROR.during.Flash.W.37 
  STRING.BLResetCause....38 STRING.Timeout.on.DHDL.resp.39 
  STRING.Timeout.on.DHDL.resp.40 STRING..HELP.MENU..41 
  STRING......or..HELP..displ.42 STRING..Type..AT..before.an.43 
  STRING..Type..ATCN..to.exit.44 STRING..Type.......to.enter.45 STRING...46 
  STRING..Commands.for.CMD.Mo.47 STRING.........Use.the.char.48 
  STRING.........while.still..49 STRING.........The.packet.w.50 
  STRING.........address.stor.51 STRING...E.....turns.charac.52 
  STRING...A.....turns.RX.Api.53 STRING...D.....turns.DIO.pa.54 
  STRING...EXIT..or..MENU..le.55 STRING.........starts.speci.56 STRING...57 
  STRING....OTA...sent.in.1.u.58 STRING..........the.App.to..59 
  STRING..........so.an.OTA.u.60 STRING..........This.comman.61 
  STRING..Transparent.mode.st.62 STRING..Type.....to.start.u.63 STRING...64 
  STRING...65 STRING..Enter.Hex.64bit.Add.66 STRING..Is.64bit.address.0x.67 
  STRING..correct..y.yes.q.qu.68 STRING..64.bit.address.0x0..69 
  STRING..Please.type.in.the..70 STRING..Use.ATSH.and.ATSL.t.71 
  STRING..Starting.Update.wit.72 STRING.SM.73 STRING..De.assert.DTR.line..74 
  STRING.Waiting.for.Ember.to.75 STRING.Raise.DTR.line.to.Wa.76 
  STRING.Ember.will.wake.Free.77 STRING.....Freescale.is.now.78 
  STRING.DTR.line.will.still..79 STRING.Menu.option..S..will.80 
  STRING.Enter.a.new.message..81 STRING...ERROR.during.Flash.82 
  STRING..New.Message.is.NEVE.83 STRING..MENU..84 
  STRING..A..to.enter.Bootloa.85 STRING..B..to.enter.Bootloa.86 
  STRING.........RESET.will.R.87 STRING..C..to.enter.Custom..88 
  STRING.........RESET.Button.89 STRING.........Power.Off.to.90 
  STRING..F..for.an.OTA.Flash.91 STRING..I..to.cause.an.Ille.92 
  STRING..R..to.force.a.Watch.93 STRING..S..to.sleep.module.94 
  STRING..V..to.Read.APP.Rese.95 STRING..W..to.Write.APP.Res.96 
  STRING..E..to.Erase.APP.Res.97 STRING..Q..to.Quit.this.men.98 
  STRING..Causing.Watchdog.Re.99 STRING.salut.100 STRING.STUCK.IN.UNASSIGNED..1 
SECTION: "APPLICATION_VERSION"
  version 
SECTION: "FLASH_ROUTINES"
  erase program 
SECTION: ".abs_section_f1bc"
  pAppVersion 
SECTION: ".common"
  cPrintStrBuf lastADCvalue hostRxBuf hostRxBufIndex radioRxBuf 
  radioRxBufIndex 
SECTION: ".abs_section_200"
  AppResetCause 
SECTION: ".abs_section_204"
  BLResetCause 
SECTION: ".abs_section_208"
  AppString 
SECTION: ".abs_section_20a"
  CmdMode 
SECTION: ".abs_section_0"
  _PTAD 
SECTION: ".abs_section_1"
  _PTADD 
SECTION: ".abs_section_2"
  _PTBD 
SECTION: ".abs_section_3"
  _PTBDD 
SECTION: ".abs_section_4"
  _PTCD 
SECTION: ".abs_section_5"
  _PTCDD 
SECTION: ".abs_section_6"
  _PTDD 
SECTION: ".abs_section_7"
  _PTDDD 
SECTION: ".abs_section_8"
  _PTED 
SECTION: ".abs_section_9"
  _PTEDD 
SECTION: ".abs_section_c"
  _KBI1SC 
SECTION: ".abs_section_d"
  _KBI1PE 
SECTION: ".abs_section_e"
  _KBI1ES 
SECTION: ".abs_section_f"
  _IRQSC 
SECTION: ".abs_section_10"
  _ADCSC1 
SECTION: ".abs_section_11"
  _ADCSC2 
SECTION: ".abs_section_16"
  _ADCCFG 
SECTION: ".abs_section_17"
  _APCTL1 
SECTION: ".abs_section_18"
  _APCTL2 
SECTION: ".abs_section_1a"
  _ACMP1SC 
SECTION: ".abs_section_1b"
  _ACMP2SC 
SECTION: ".abs_section_22"
  _SCI1C1 
SECTION: ".abs_section_23"
  _SCI1C2 
SECTION: ".abs_section_24"
  _SCI1S1 
SECTION: ".abs_section_25"
  _SCI1S2 
SECTION: ".abs_section_26"
  _SCI1C3 
SECTION: ".abs_section_27"
  _SCI1D 
SECTION: ".abs_section_28"
  _SPIC1 
SECTION: ".abs_section_29"
  _SPIC2 
SECTION: ".abs_section_2a"
  _SPIBR 
SECTION: ".abs_section_2b"
  _SPIS 
SECTION: ".abs_section_2d"
  _SPID 
SECTION: ".abs_section_30"
  _IICA 
SECTION: ".abs_section_31"
  _IICF 
SECTION: ".abs_section_32"
  _IICC1 
SECTION: ".abs_section_33"
  _IICS 
SECTION: ".abs_section_34"
  _IICD 
SECTION: ".abs_section_35"
  _IICC2 
SECTION: ".abs_section_38"
  _ICSC1 
SECTION: ".abs_section_39"
  _ICSC2 
SECTION: ".abs_section_3a"
  _ICSTRM 
SECTION: ".abs_section_3b"
  _ICSSC 
SECTION: ".abs_section_3c"
  _KBI2SC 
SECTION: ".abs_section_3d"
  _KBI2PE 
SECTION: ".abs_section_3e"
  _KBI2ES 
SECTION: ".abs_section_40"
  _TPM1SC 
SECTION: ".abs_section_45"
  _TPM1C0SC 
SECTION: ".abs_section_48"
  _TPM1C1SC 
SECTION: ".abs_section_4b"
  _TPM1C2SC 
SECTION: ".abs_section_50"
  _TPM2SC 
SECTION: ".abs_section_55"
  _TPM2C0SC 
SECTION: ".abs_section_58"
  _TPM2C1SC 
SECTION: ".abs_section_5b"
  _TPM2C2SC 
SECTION: ".abs_section_60"
  _TPM3SC 
SECTION: ".abs_section_65"
  _TPM3C0SC 
SECTION: ".abs_section_68"
  _TPM3C1SC 
SECTION: ".abs_section_6b"
  _TPM3C2SC 
SECTION: ".abs_section_6e"
  _TPM3C3SC 
SECTION: ".abs_section_71"
  _TPM3C4SC 
SECTION: ".abs_section_74"
  _TPM3C5SC 
SECTION: ".abs_section_1800"
  _SRS 
SECTION: ".abs_section_1801"
  _SBDFR 
SECTION: ".abs_section_1802"
  _SOPT1 
SECTION: ".abs_section_1803"
  _SOPT2 
SECTION: ".abs_section_1808"
  _SPMSC1 
SECTION: ".abs_section_1809"
  _SPMSC2 
SECTION: ".abs_section_180b"
  _SPMSC3 
SECTION: ".abs_section_180e"
  _SCGC1 
SECTION: ".abs_section_180f"
  _SCGC2 
SECTION: ".abs_section_1818"
  _DBGCAX 
SECTION: ".abs_section_1819"
  _DBGCBX 
SECTION: ".abs_section_181a"
  _DBGCCX 
SECTION: ".abs_section_181c"
  _DBGC 
SECTION: ".abs_section_181d"
  _DBGT 
SECTION: ".abs_section_181e"
  _DBGS 
SECTION: ".abs_section_181f"
  _DBGCNT 
SECTION: ".abs_section_1820"
  _FCDIV 
SECTION: ".abs_section_1821"
  _FOPT 
SECTION: ".abs_section_1823"
  _FCNFG 
SECTION: ".abs_section_1824"
  _FPROT 
SECTION: ".abs_section_1825"
  _FSTAT 
SECTION: ".abs_section_1826"
  _FCMD 
SECTION: ".abs_section_1830"
  _RTCSC 
SECTION: ".abs_section_1831"
  _RTCCNT 
SECTION: ".abs_section_1832"
  _RTCMOD 
SECTION: ".abs_section_1840"
  _PTAPE 
SECTION: ".abs_section_1841"
  _PTASE 
SECTION: ".abs_section_1842"
  _PTADS 
SECTION: ".abs_section_1844"
  _PTBPE 
SECTION: ".abs_section_1845"
  _PTBSE 
SECTION: ".abs_section_1846"
  _PTBDS 
SECTION: ".abs_section_1848"
  _PTCPE 
SECTION: ".abs_section_1849"
  _PTCSE 
SECTION: ".abs_section_184a"
  _PTCDS 
SECTION: ".abs_section_184c"
  _PTDPE 
SECTION: ".abs_section_184d"
  _PTDSE 
SECTION: ".abs_section_184e"
  _PTDDS 
SECTION: ".abs_section_1850"
  _PTEPE 
SECTION: ".abs_section_1851"
  _PTESE 
SECTION: ".abs_section_1852"
  _PTEDS 
SECTION: ".abs_section_1872"
  _SCI2C1 
SECTION: ".abs_section_1873"
  _SCI2C2 
SECTION: ".abs_section_1874"
  _SCI2S1 
SECTION: ".abs_section_1875"
  _SCI2S2 
SECTION: ".abs_section_1876"
  _SCI2C3 
SECTION: ".abs_section_1877"
  _SCI2D 
SECTION: ".abs_section_12"
  _ADCR 
SECTION: ".abs_section_14"
  _ADCCV 
SECTION: ".abs_section_20"
  _SCI1BD 
SECTION: ".abs_section_41"
  _TPM1CNT 
SECTION: ".abs_section_43"
  _TPM1MOD 
SECTION: ".abs_section_46"
  _TPM1C0V 
SECTION: ".abs_section_49"
  _TPM1C1V 
SECTION: ".abs_section_4c"
  _TPM1C2V 
SECTION: ".abs_section_51"
  _TPM2CNT 
SECTION: ".abs_section_53"
  _TPM2MOD 
SECTION: ".abs_section_56"
  _TPM2C0V 
SECTION: ".abs_section_59"
  _TPM2C1V 
SECTION: ".abs_section_5c"
  _TPM2C2V 
SECTION: ".abs_section_61"
  _TPM3CNT 
SECTION: ".abs_section_63"
  _TPM3MOD 
SECTION: ".abs_section_66"
  _TPM3C0V 
SECTION: ".abs_section_69"
  _TPM3C1V 
SECTION: ".abs_section_6c"
  _TPM3C2V 
SECTION: ".abs_section_6f"
  _TPM3C3V 
SECTION: ".abs_section_72"
  _TPM3C4V 
SECTION: ".abs_section_75"
  _TPM3C5V 
SECTION: ".abs_section_1806"
  _SDID 
SECTION: ".abs_section_1810"
  _DBGCA 
SECTION: ".abs_section_1812"
  _DBGCB 
SECTION: ".abs_section_1814"
  _DBGCC 
SECTION: ".abs_section_1816"
  _DBGF 
SECTION: ".abs_section_1870"
  _SCI2BD 
SECTION: ".abs_section_ffbd"
  NVPROT_INIT 
SECTION: ".abs_section_ffbf"
  NVOPT_INIT 
SECTION: ".abs_section_ffc0"
  _vect 

*********************************************************************************************
OBJECT LIST SORTED BY ADDRESS
     Name                                      Addr   hSize   dSize     Ref    Section   RLIB
---------------------------------------------------------------------------------------------
     _PTAD                                        0       1       1      14   .abs_section_0
     _PTADD                                       1       1       1       2   .abs_section_1
     _PTBD                                        2       1       1      24   .abs_section_2
     _PTBDD                                       3       1       1       3   .abs_section_3
     _PTCD                                        4       1       1      28   .abs_section_4
     _PTCDD                                       5       1       1      11   .abs_section_5
     _PTDD                                        6       1       1       5   .abs_section_6
     _PTDDD                                       7       1       1       2   .abs_section_7
     _PTED                                        8       1       1       1   .abs_section_8
     _PTEDD                                       9       1       1       1   .abs_section_9
     _KBI1SC                                      C       1       1       4   .abs_section_c
     _KBI1PE                                      D       1       1       0   .abs_section_d
     _KBI1ES                                      E       1       1       0   .abs_section_e
     _IRQSC                                       F       1       1       0   .abs_section_f
     _ADCSC1                                     10       1       1       0   .abs_section_10
     _ADCSC2                                     11       1       1       1   .abs_section_11
     _ADCR                                       12       2       2       2   .abs_section_12
     _ADCCV                                      14       2       2       0   .abs_section_14
     _ADCCFG                                     16       1       1       8   .abs_section_16
     _APCTL1                                     17       1       1       1   .abs_section_17
     _APCTL2                                     18       1       1       1   .abs_section_18
     _ACMP1SC                                    1A       1       1       0   .abs_section_1a
     _ACMP2SC                                    1B       1       1       0   .abs_section_1b
     _SCI1BD                                     20       2       2       1   .abs_section_20
     _SCI1C1                                     22       1       1       1   .abs_section_22
     _SCI1C2                                     23       1       1       3   .abs_section_23
     _SCI1S1                                     24       1       1      19   .abs_section_24
     _SCI1S2                                     25       1       1       1   .abs_section_25
     _SCI1C3                                     26       1       1       1   .abs_section_26
     _SCI1D                                      27       1       1      16   .abs_section_27
     _SPIC1                                      28       1       1       0   .abs_section_28
     _SPIC2                                      29       1       1       0   .abs_section_29
     _SPIBR                                      2A       1       1       0   .abs_section_2a
     _SPIS                                       2B       1       1       0   .abs_section_2b
     _SPID                                       2D       1       1       0   .abs_section_2d
     _IICA                                       30       1       1       0   .abs_section_30
     _IICF                                       31       1       1       0   .abs_section_31
     _IICC1                                      32       1       1       0   .abs_section_32
     _IICS                                       33       1       1       0   .abs_section_33
     _IICD                                       34       1       1       0   .abs_section_34
     _IICC2                                      35       1       1       0   .abs_section_35
     _ICSC1                                      38       1       1       2   .abs_section_38
     _ICSC2                                      39       1       1       2   .abs_section_39
     _ICSTRM                                     3A       1       1       1   .abs_section_3a
     _ICSSC                                      3B       1       1       4   .abs_section_3b
     _KBI2SC                                     3C       1       1       5   .abs_section_3c
     _KBI2PE                                     3D       1       1       3   .abs_section_3d
     _KBI2ES                                     3E       1       1       3   .abs_section_3e
     _TPM1SC                                     40       1       1       7   .abs_section_40
     _TPM1CNT                                    41       2       2       1   .abs_section_41
     _TPM1MOD                                    43       2       2       0   .abs_section_43
     _TPM1C0SC                                   45       1       1       0   .abs_section_45
     _TPM1C0V                                    46       2       2       0   .abs_section_46
     _TPM1C1SC                                   48       1       1       0   .abs_section_48
     _TPM1C1V                                    49       2       2       0   .abs_section_49
     _TPM1C2SC                                   4B       1       1       0   .abs_section_4b
     _TPM1C2V                                    4C       2       2       0   .abs_section_4c
     _TPM2SC                                     50       1       1       7   .abs_section_50
     _TPM2CNT                                    51       2       2       1   .abs_section_51
     _TPM2MOD                                    53       2       2       1   .abs_section_53
     _TPM2C0SC                                   55       1       1       0   .abs_section_55
     _TPM2C0V                                    56       2       2       0   .abs_section_56
     _TPM2C1SC                                   58       1       1       0   .abs_section_58
     _TPM2C1V                                    59       2       2       0   .abs_section_59
     _TPM2C2SC                                   5B       1       1       0   .abs_section_5b
     _TPM2C2V                                    5C       2       2       0   .abs_section_5c
     _TPM3SC                                     60       1       1       8   .abs_section_60
     _TPM3CNT                                    61       2       2      10   .abs_section_61
     _TPM3MOD                                    63       2       2       1   .abs_section_63
     _TPM3C0SC                                   65       1       1       0   .abs_section_65
     _TPM3C0V                                    66       2       2       0   .abs_section_66
     _TPM3C1SC                                   68       1       1       0   .abs_section_68
     _TPM3C1V                                    69       2       2       0   .abs_section_69
     _TPM3C2SC                                   6B       1       1       0   .abs_section_6b
     _TPM3C2V                                    6C       2       2       0   .abs_section_6c
     _TPM3C3SC                                   6E       1       1       0   .abs_section_6e
     _TPM3C3V                                    6F       2       2       0   .abs_section_6f
     _TPM3C4SC                                   71       1       1       0   .abs_section_71
     _TPM3C4V                                    72       2       2       0   .abs_section_72
     _TPM3C5SC                                   74       1       1       0   .abs_section_74
     _TPM3C5V                                    75       2       2       0   .abs_section_75
     AppResetCause                              200       2       2       5   .abs_section_200
     BLResetCause                               204       2       2       2   .abs_section_204
     AppString                                  208       2       2       0   .abs_section_208
     CmdMode                                    20A       2       2       0   .abs_section_20a
     atDHDLRequestTimeout                       216       1       1       7   .bss        
     hostRxBufferIndex                          217       1       1      28   .bss        
     hostUARTRxBuffer                           218      B6     182      37   .bss        
     radioUARTRxApiDataBuf                      2CE       2       2      15   .bss        
     radioUARTRxDataBuf                         2D0      64     100       7   .bss        
     radioRxBufferTail                          334       1       1      16   .bss        
     echoOn                                     335       1       1       4   .bss        
     showApi                                    336       1       1       7   .bss        
     cmdMode                                    337       1       1      14   .bss        
     dioEnabled                                 338       1       1       5   .bss        
     dioState                                   339       1       1       2   .bss        
     dioPreviousState                           33A       1       1       3   .bss        
     dest64                                     33B       8       8       9   .bss        
     flashStorage                               343       2       2       7   .bss        
     pbuf                                       345       6       6      15   .bss        
     timerFlag                                  34B       1       1      10   .bss        
     timer3ATimeout                             34C       2       2       2   .bss        
     timer3ATime                                34E       2       2       2   .bss        
     timer3BTimeout                             350       2       2       3   .bss        
     timer3BTime                                352       2       2       3   .bss        
     radioType                                  354       1       1       3   .bss        
     associateTicksL                            355       2       2       4   .bss        
     timer3StartTick                            357       2       2       2   .bss        
     timer2RollOverTicks                        359       2       2       3   .bss        
     apibuf                                     35B      62      98       1   .bss        
     atbuf                                      3BD      50      80      10   .bss        
     tail                                       40D       1       1      23   .bss        
     head                                       40E       1       1       6   .bss        
     state                                      40F       1       1       5   .bss        
     lengthApi                                  410       1       1       6   .bss        
     fixedSourceAddress                         411       8       8       1   .bss        
     isFixed                                    419       1       1       1   .bss        
     frameType                                  41A       1       1       2   .bss        
     lastFrame                                  41B       1       1       3   .bss        
     lastRxOption                               41C       1       1       2   .bss        
     cPrintStrBuf                               41D      1E      30       4   .common     
     lastADCvalue                               43B       2       2       1   .common     
     hostRxBuf                                  43D      19      25       1   .common     
     hostRxBufIndex                             456       1       1       4   .common     
     radioRxBuf                                 457     100     256      26   .common     
     radioRxBufIndex                            557       1       1      10   .common     
     _SRS                                      1800       1       1      44   .abs_section_1800
     _SBDFR                                    1801       1       1       0   .abs_section_1801
     _SOPT1                                    1802       1       1       1   .abs_section_1802
     _SOPT2                                    1803       1       1       0   .abs_section_1803
     _SDID                                     1806       2       2       0   .abs_section_1806
     _SPMSC1                                   1808       1       1       1   .abs_section_1808
     _SPMSC2                                   1809       1       1       0   .abs_section_1809
     _SPMSC3                                   180B       1       1       0   .abs_section_180b
[...]
                                STRING..radioUARTRxDataBuff.16 STRING.Increase.RX_RADIO_BU.17 
ProcessHostDataForTransmission USES _SRS hostUARTRxBuffer STRING.....18 
                                CmpText cmdMode STRING.OK..19 WriteToHostUART 
                                PrintMenu hostRxBufferIndex TXPACKET WriteToRadioUARTLen 
                                dest64 TransmitData 
PrintInHexToHost          USES _SCI1S1 _SCI1D 
ProcessCommand            USES _SRS hostUARTRxBuffer hostRxBufferIndex 
                                UpperCase ProcessCommand STRING.ATCN.20 GetDHDL cmdMode 
                                dest64 PrintInHexToHost 
                                STRING..Transparent.mode.st.21 STRING.AT.22 CmpText STRING.NI.23 STRING.DN.24 
                                AsciiHexToNumber WriteAtCommandRadioLen showApi 
                                CopyAtCommandToHost STRING.EXIT.25 STRING.MENU.26 SpecialMenu 
                                echoOn STRING..Echo.On..27 STRING..Echo.Off..28 
                                STRING..Show.Api.On..29 STRING..Show.Api.Off..30 dioEnabled 
                                STRING..DIO.Passing.On..31 STRING..DIO.Passing.Off..32 STRING.HELP.33 
                                PrintMenu STRING.Invalid.AT.command..34 WriteToHostUART 
EraseReservedFlashBlock   USES erase _SRS 
WriteReservedFlashBlock   USES _SRS erase flashStorage program programByte 
                                CalcChecksum 
ValidateFlash             USES flashStorage CalcChecksum 
                                STRING.Reserved.Flash.is.Er.35 WriteToHostUART STRING.Reserved.Flash.is.no.36 
                                cPrintStrBuf NOTHING_MESSAGE memcpy WriteReservedFlashBlock 
                                STRING.ERROR.during.Flash.W.37 
InitMain                  USES _SRS radioRxBufIndex SetTail radioRxBufferTail 
                                showApi cmdMode echoOn dioEnabled GetDioStates 
                                dioPreviousState SetTimer3BmS dest64 GetDHDL GetTxDataBuffer 
                                radioUARTRxApiDataBuf radioUARTRxDataBuf atDHDLRequestTimeout 
                                flashStorage _FCDIV CopyInRAMFlashFunctions ValidateFlash 
PrintBLResetCause         USES STRING.BLResetCause....38 WriteToHostUART 
                                BLResetCause PrintInHexToHost CR 
AsciiHexToNumber          USES AsciiHexToNumber 
TransmitData              USES _SRS radioUARTRxApiDataBuf TXPACKET 
                                CalcChecksum showApi cmdMode WriteToHostUARTLen 
                                WriteToRadioUARTLen 
GetDHDL                   USES atDHDLRequestTimeout cmdMode ATDH_ATDL 
                                WriteToRadioUARTLen WaitmS SetTimer3AmS _SRS Timer3AExpired 
                                radioRxBufIndex radioRxBufferTail 
                                STRING.Timeout.on.DHDL.resp.39 WriteToHostUART radioRxBuf showApi 
                                WriteToHostUARTLen STRING.Timeout.on.DHDL.resp.40 GetDHDL 
                                ATDH_RESP dest64 ATDL_RESP SetTail 
PrintMenu                 USES hostRxBufferIndex STRING..HELP.MENU..41 
                                WriteToHostUART version STRING......or..HELP..displ.42 
                                STRING..Type..AT..before.an.43 STRING..Type..ATCN..to.exit.44 
                                STRING..Type.......to.enter.45 STRING...46 STRING..Commands.for.CMD.Mo.47 
                                STRING.........Use.the.char.48 STRING.........while.still..49 
                                STRING.........The.packet.w.50 STRING.........address.stor.51 
                                STRING...E.....turns.charac.52 STRING...A.....turns.RX.Api.53 
                                STRING...D.....turns.DIO.pa.54 STRING...EXIT..or..MENU..le.55 
                                STRING.........starts.speci.56 STRING...57 STRING....OTA...sent.in.1.u.58 
                                STRING..........the.App.to..59 STRING..........so.an.OTA.u.60 
                                STRING..........This.comman.61 cmdMode STRING..Transparent.mode.st.62 
                                STRING..Type.....to.start.u.63 STRING...64 GetDHDL dest64 PrintInHexToHost 
                                STRING...65 
GetHexAddressForOTAUpdate USES STRING..Enter.Hex.64bit.Add.66 WriteToHostUART 
                                _SRS _SCI1S1 _SCI1D UpperCase COORDINATOR_ADDRESS_0 
                                CmpText STRING..Is.64bit.address.0x.67 
                                PrintInHexToHost STRING..correct..y.yes.q.qu.68 
                                STRING..64.bit.address.0x0..69 STRING..Please.type.in.the..70 
                                STRING..Use.ATSH.and.ATSL.t.71 GetHexAddressForOTAUpdate 
                                STRING..Starting.Update.wit.72 ResetHardware 
SleepModule               USES STRING.SM.73 WriteAtCommandRadioLen 
                                STRING..De.assert.DTR.line..74 WriteToHostUART _SRS _PTDD 
                                STRING.Waiting.for.Ember.to.75 _PTAD STRING.Raise.DTR.line.to.Wa.76 
                                STRING.Ember.will.wake.Free.77 _PTCD _SPMSC1 STRING.....Freescale.is.now.78 
                                STRING.DTR.line.will.still..79 STRING.Menu.option..S..will.80 WaitmS 
GetNewMessageForFlash     USES STRING.Enter.a.new.message..81 WriteToHostUART 
                                _SRS _SCI1S1 _SCI1D hostUARTRxBuffer 
                                WriteReservedFlashBlock STRING...ERROR.during.Flash.82 
                                STRING..New.Message.is.NEVE.83 
SpecialMenu               USES AppResetCause STRING..MENU..84 WriteToHostUART 
                                STRING..A..to.enter.Bootloa.85 STRING..B..to.enter.Bootloa.86 
                                STRING.........RESET.will.R.87 STRING..C..to.enter.Custom..88 
                                STRING.........RESET.Button.89 STRING.........Power.Off.to.90 
                                STRING..F..for.an.OTA.Flash.91 STRING..I..to.cause.an.Ille.92 
                                STRING..R..to.force.a.Watch.93 STRING..S..to.sleep.module.94 
                                STRING..V..to.Read.APP.Rese.95 STRING..W..to.Write.APP.Res.96 
                                STRING..E..to.Erase.APP.Res.97 STRING..Q..to.Quit.this.men.98 _SRS _SCI1S1 
                                _SCI1D _Jump_Table_Offset ResetHardware 
                                STRING..Causing.Watchdog.Re.99 ILLEGAL_INSTRUCTION GetHexAddressForOTAUpdate 
                                SleepModule CR flashStorage GetNewMessageForFlash 
                                EraseReservedFlashBlock SpecialMenu 
InitClocks                USES _ICSTRM _ICSSC _ICSC1 _ICSC2 
GetApplicationVersionString USES pAppVersion strlen _COPY 
CheckDIO                  USES _SRS GetDioStates dioState dioPreviousState 
                                _PTAD STRING.salut.100 dest64 TransmitData _PTBD 
                                WaitmS 
GetDioStates              USES _PTAD 
SetDioStates              USES _PTBD _PTAD _PTCD 
vprintf                   USES _out vprintf _Search_Table_8_Offset 
                                _IMUL_STAR08 _Jump_Table_Addr _Search_Table_8_Addr pbuf 
                                _SEXT16_32 _POP32 _LNEG pow8 _LCMP pow16 pow10 _COPY 
                                _LSUB 
_out                      USES pbuf 
deposit_char              USES pbuf 
sprintf                   USES pbuf deposit_char vprintf 
_ENTER_BINARY_L           USES _PUSH_ARGS_L 
_LNEG                     USES _ENTER_UNARY_L 
_LSUB                     USES _ENTER_BINARY_L _LSUB_k_is_k_minus_j 
_LCMP                     USES _ENTER_BINARY_L _LCMP_k_rel_j 
SetTimer3AmS              USES timer3ATime _TPM3CNT timer3ATimeout timerFlag 
Timer3AExpired            USES timerFlag timer3ATimeout _TPM3CNT 
SetTimer3BmS              USES timer3BTime _TPM3CNT timer3BTimeout timerFlag 
ResetTimer3B              USES timer3BTime _TPM3CNT timer3BTimeout timerFlag 
Timer3BExpired            USES timerFlag timer3BTimeout _TPM3CNT 
WaitmS                    USES _TPM3CNT _SRS 
InitTimers                USES _ICSC1 _TPM1SC _TPM1CNT _TPM2SC _TPM2MOD 
                                _TPM2CNT timer2RollOverTicks _TPM3SC _TPM3MOD _TPM3CNT 
                                timerFlag 
InitKeyboardInterupt      USES _KBI2SC _KBI2ES _KBI2PE _KBI1SC associateTicksL 
                                radioType 
vTpm1Ovf                  USES _TPM1SC timerFlag 
vTpm2Ovf                  USES timer2RollOverTicks _TPM2SC 
vTpm3Ovf                  USES _TPM3SC timerFlag 
vKeyboard                 USES _KBI2SC associateTicksL _TPM3CNT 
                                timer3StartTick radioType _KBI2ES _KBI1SC 
vDummyIsr                 USES STRING.STUCK.IN.UNASSIGNED..1 WriteToHostUART 
InitGpio                  USES _PTADD _PTBDD _PTCDD _PTDDD _PTEPE _PTEDD _PTED 
                                _PTAPE _PTBPE _PTCPE _PTDPE _PTCD _PTAD _PTBD 
ResetEM250                USES _PTCD WaitmS 
InitADC                   USES _APCTL1 _APCTL2 _ADCCFG _ADCSC2 
ResetHardware             USES ResetEM250 AppResetCause BLResetCause 
vAdc                      USES _ADCR lastADCvalue 
InitHostUART              USES _SCI1C1 _SCI1C3 _SCI1S2 _SCI1BD _SCI1C2 
InitRadioUART             USES _SCI2C1 _SCI2C3 _SCI2S2 _SCI2BD _SCI2C2 
InitUARTs                 USES InitHostUART InitRadioUART 
DisableHostUARTIsr        USES _SCI1C2 
EnableRadioUARTIsr        USES _SCI2C2 
WriteToHostUART           USES _SRS _SCI1S1 _SCI1D 
WriteToHostUARTLen        USES _SRS _SCI1S1 _SCI1D 
WriteToRadioUARTLen       USES _SRS _SCI2S1 _SCI2D 
vSci1Rx                   USES _SCI1S1 hostRxBufIndex _SCI1D hostRxBuf 
vSci2Rx                   USES _SCI2S1 radioRxBufIndex _SCI2D radioRxBuf 
GetTxDataBuffer           USES apibuf 
SetTail                   USES tail state 
GetNumberOfCharsInBuff    USES head tail 
CalcChecksum              USES _SRS 
CopyAtCommandToHost       USES atbuf _SCI1S1 _SCI1D readEM250 
WriteAtCommandRadioLen    USES ATCOMMAND atbuf CalcChecksum _SRS _SCI2S1 
                                _SCI2D readEM250 
GetLastFrameType          USES lastFrame 
WasUnicast                USES lastRxOption 
ReadApiRadio              USES readEM250 radioRxBufIndex head state tail _SRS 
                                radioRxBuf lengthApi _ICMP ReadApiRadio frameType isFixed 
                                fixedSourceAddress lastRxOption lastFrame 
readEM250                 USES _SRS 
DoPassThroughMode         USES _ICSSC _SCI1C2 _SCI2C2 _PTDDD _PTBDD _PTCDD 
                                _PTBD _PTCD _PTAD _PTDD _SRS DoPassThroughMode 
programByte               USES program 
CopyInRAMFlashFunctions   USES __SEG_START_FLASH_ROUTINES erase 
                                __SEG_SIZE_FLASH_ROUTINES 
pAppVersion               USES version 
_vect                     USES isrVlvd _Startup 

*********************************************************************************************
DEPENDENCY TREE
*********************************************************************************************
 main and _Startup Group
 | 
 +- main                
 |  | 
 |  +- InitClocks          
 |  |    
 |  +- InitTimers          
 |  |    
 |  +- InitGpio            
 |  |    
 |  +- InitADC             
 |  |    
 |  +- InitUARTs           
 |  |  | 
 |  |  +- InitHostUART        
 |  |  |    
 |  |  +- InitRadioUART       
 |  |       
 |  +- DisableHostUARTIsr  
 |  |    
 |  +- EnableRadioUARTIsr  
 |  |    
 |  +- InitKeyboardInterupt
 |  |    
 |  +- PrintAppVersion     
 |  |  | 
 |  |  +- GetApplicationVersionString
 |  |  |  | 
 |  |  |  +- strlen              
 |  |  |  |    
 |  |  |  +- _COPY               
 |  |  |       
 |  |  +- sprintf             
 |  |  |  | 
 |  |  |  +- deposit_char        
 |  |  |  |    
 |  |  |  +- vprintf             
 |  |  |     | 
 |  |  |     +- _out                
 |  |  |     |    
 |  |  |     +- _Search_Table_8_Offset
 |  |  |     |    
 |  |  |     +- _IMUL_STAR08        
 |  |  |     |    
 |  |  |     +- _Jump_Table_Addr    
 |  |  |     |    
 |  |  |     +- _Search_Table_8_Addr
 |  |  |     |    
 |  |  |     +- _SEXT16_32          
 |  |  |     |    
 |  |  |     +- _POP32              
 |  |  |     |    
 |  |  |     +- _LNEG               
 |  |  |     |  | 
 |  |  |     |  +- _ENTER_UNARY_L      
 |  |  |     |       
 |  |  |     +- _LCMP               
 |  |  |     |  | 
 |  |  |     |  +- _ENTER_BINARY_L     
 |  |  |     |  |  | 
 |  |  |     |  |  +- _PUSH_ARGS_L        
 |  |  |     |  |       
 |  |  |     |  +- _LCMP_k_rel_j       
 |  |  |     |       
 |  |  |     +- _COPY                (see above)
 |  |  |     |  
 |  |  |     +- _LSUB               
 |  |  |        | 
 |  |  |        +- _ENTER_BINARY_L      (see above)
 |  |  |        |  
 |  |  |        +- _LSUB_k_is_k_minus_j
 |  |  |             
 |  |  +- WriteToHostUART     
 |  |       
 |  +- CheckResetCause     
 |  |  | 
 |  |  +- PrintBLResetCause   
 |  |  |  | 
 |  |  |  +- WriteToHostUART      (see above)
 |  |  |  |  
 |  |  |  +- PrintInHexToHost    
 |  |  |       
 |  |  +- WriteToHostUART      (see above)
 |  |  |  
 |  |  +- DoPassThroughMode   
 |  |  |    
 |  |  +- SpecialMenu         
 |  |  |  | 
 |  |  |  +- WriteToHostUART      (see above)
 |  |  |  |  
 |  |  |  +- _Jump_Table_Offset  
 |  |  |  |    
 |  |  |  +- ResetHardware       
 |  |  |  |  | 
 |  |  |  |  +- ResetEM250          
 |  |  |  |     | 
 |  |  |  |     +- WaitmS              
 |  |  |  |          
 |  |  |  +- GetHexAddressForOTAUpdate
 |  |  |  |  | 
 |  |  |  |  +- WriteToHostUART      (see above)
 |  |  |  |  |  
 |  |  |  |  +- UpperCase           
 |  |  |  |  |    
 |  |  |  |  +- CmpText             
 |  |  |  |  |    
 |  |  |  |  +- PrintInHexToHost     (see above)
 |  |  |  |  |  
 |  |  |  |  +- ResetHardware        (see above)
 |  |  |  |     
 |  |  |  +- SleepModule         
 |  |  |  |  | 
 |  |  |  |  +- WriteAtCommandRadioLen
 |  |  |  |  |  | 
 |  |  |  |  |  +- CalcChecksum        
 |  |  |  |  |  |    
 |  |  |  |  |  +- readEM250           
 |  |  |  |  |       
 |  |  |  |  +- WriteToHostUART      (see above)
 |  |  |  |  |  
 |  |  |  |  +- WaitmS               (see above)
 |  |  |  |     
 |  |  |  +- GetNewMessageForFlash
 |  |  |  |  | 
 |  |  |  |  +- WriteToHostUART      (see above)
 |  |  |  |  |  
 |  |  |  |  +- WriteReservedFlashBlock
 |  |  |  |     | 
 |  |  |  |     +- erase               
 |  |  |  |     |    
 |  |  |  |     +- program             
 |  |  |  |     |    
 |  |  |  |     +- programByte         
 |  |  |  |     |  | 
 |  |  |  |     |  +- program              (see above)
 |  |  |  |     |     
 |  |  |  |     +- CalcChecksum         (see above)
 |  |  |  |        
 |  |  |  +- EraseReservedFlashBlock
 |  |  |     | 
 |  |  |     +- erase                (see above)
 |  |  |        
 |  |  +- WaitmS               (see above)
 |  |     
 |  +- InitMain            
 |  |  | 
 |  |  +- SetTail             
 |  |  |    
 |  |  +- GetDioStates        
 |  |  |    
 |  |  +- SetTimer3BmS        
 |  |  |    
 |  |  +- GetDHDL             
 |  |  |  | 
 |  |  |  +- WriteToRadioUARTLen 
 |  |  |  |    
 |  |  |  +- WaitmS               (see above)
 |  |  |  |  
 |  |  |  +- SetTimer3AmS        
 |  |  |  |    
 |  |  |  +- Timer3AExpired      
 |  |  |  |    
 |  |  |  +- WriteToHostUART      (see above)
 |  |  |  |  
 |  |  |  +- WriteToHostUARTLen  
 |  |  |  |    
 |  |  |  +- SetTail              (see above)
 |  |  |     
 |  |  +- GetTxDataBuffer     
 |  |  |    
 |  |  +- CopyInRAMFlashFunctions
 |  |  |  | 
 |  |  |  +- erase                (see above)
 |  |  |     
 |  |  +- ValidateFlash       
 |  |     | 
 |  |     +- CalcChecksum         (see above)
 |  |     |  
 |  |     +- WriteToHostUART      (see above)
 |  |     |  
 |  |     +- memcpy              
 |  |     |    
 |  |     +- WriteReservedFlashBlock (see above)
 |  |        
 |  +- PrintMenu           
 |  |  | 
 |  |  +- WriteToHostUART      (see above)
 |  |  |  
 |  |  +- GetDHDL              (see above)
 |  |  |  
 |  |  +- PrintInHexToHost     (see above)
 |  |     
 |  +- ResetTimer3B        
 |  |    
 |  +- CheckDIO            
 |  |  | 
 |  |  +- GetDioStates         (see above)
 |  |  |  
 |  |  +- TransmitData        
 |  |  |  | 
 |  |  |  +- CalcChecksum         (see above)
 |  |  |  |  
 |  |  |  +- WriteToHostUARTLen   (see above)
 |  |  |  |  
 |  |  |  +- WriteToRadioUARTLen  (see above)
 |  |  |     
 |  |  +- WaitmS               (see above)
 |  |     
 |  +- Timer3BExpired      
 |  |    
 |  +- CmpText              (see above)
 |  |  
 |  +- _ICMP               
 |  |    
 |  +- ProcessCommand      
 |  |  | 
 |  |  +- UpperCase            (see above)
 |  |  |  
 |  |  +- GetDHDL              (see above)
 |  |  |  
 |  |  +- PrintInHexToHost     (see above)
 |  |  |  
 |  |  +- CmpText              (see above)
 |  |  |  
 |  |  +- AsciiHexToNumber    
 |  |  |    
 |  |  +- WriteAtCommandRadioLen (see above)
 |  |  |  
 |  |  +- CopyAtCommandToHost 
 |  |  |  | 
 |  |  |  +- readEM250            (see above)
 |  |  |     
 |  |  +- SpecialMenu          (see above)
 |  |  |  
 |  |  +- PrintMenu            (see above)
 |  |  |  
 |  |  +- WriteToHostUART      (see above)
 |  |     
 |  +- ProcessHostDataForTransmission
 |  |  | 
 |  |  +- CmpText              (see above)
 |  |  |  
 |  |  +- WriteToHostUART      (see above)
 |  |  |  
 |  |  +- PrintMenu            (see above)
 |  |  |  
 |  |  +- WriteToRadioUARTLen  (see above)
 |  |  |  
 |  |  +- TransmitData         (see above)
 |  |     
 |  +- CheckForBufferOverflow
 |  |  | 
 |  |  +- WriteToHostUART      (see above)
 |  |     
 |  +- ProcessReceivedRadioData
 |     | 
 |     +- WriteToHostUARTLen   (see above)
 |     |  
 |     +- ReadApiRadio        
 |     |  | 
 |     |  +- readEM250            (see above)
 |     |  |  
 |     |  +- _ICMP                (see above)
 |     |     
 |     +- SetDioStates        
 |     |    
 |     +- WasUnicast          
 |     |    
 |     +- CmpText              (see above)
 |     |  
 |     +- ResetHardware        (see above)
 |     |  
 |     +- OutputRxDataToHost  
 |     |  | 
 |     |  +- GetLastFrameType    
 |     |  |    
 |     |  +- GetNumberOfCharsInBuff
 |     |  |    
 |     |  +- GetDHDL              (see above)
 |     |     
 |     +- WaitmS               (see above)
 |        
 +- _Startup            
    | 
    +- Init                
    |  | 
    |  +- loadByte            
    |       
    +- main                 (see above)
       
 pAppVersion         
   
 _vect               
 | 
 +- isrVlvd             
 |    
 +- _Startup             (see above)
    
 vTpm3Ovf            
   
 vDummyIsr           
 | 
 +- WriteToHostUART      (see above)
    
 vSci2Rx             
   
 vAdc                
   
 vKeyboard           
   
 vSci1Rx             
   
 vTpm2Ovf            
   
 vTpm1Ovf            
   
*********************************************************************************************
STATISTIC SECTION
---------------------------------------------------------------------------------------------

ExeFile:
--------
Number of blocks to be downloaded: 10
Total size of all blocks to be downloaded: 11319

