
PROGRAM "F:\ROBOTIQUE\1. POBOT\SOURCE\Clés USB Pobot\XBee\XBee S2B\GettingStarted\Bootloader\XbeeProZBProgrammable\bin\BL032.abs"

*********************************************************************************************
TARGET SECTION
---------------------------------------------------------------------------------------------
Processor   : Freescale HC08
Memory Model: SMALL
File Format : ELF\DWARF 2.0
Linker      : SmartLinker V-5.0.37 Build 9279, Oct  7 2009

*********************************************************************************************
FILE SECTION
---------------------------------------------------------------------------------------------
Start08.c.o                             Model: SMALL,         Lang: ANSI-C
xmodem.c.o                              Model: SMALL,         Lang: ANSI-C
crc16.c.o                               Model: SMALL,         Lang: ANSI-C
main.c.o                                Model: SMALL,         Lang: ANSI-C
MC9S08QE32.C.o                          Model: SMALL,         Lang: ANSI-C
flash32KB.c.o                           Model: SMALL,         Lang: ANSI-C
RTSHC08.C.o (ansiis.lib)                Model: SMALL,         Lang: ANSI-C
STRING.C.o (ansiis.lib)                 Model: SMALL,         Lang: ANSI-C
CmdProcessor.c.o                        Model: SMALL,         Lang: ANSI-C
Api.c.o                                 Model: SMALL,         Lang: ANSI-C
UARTandPassThru.c.o                     Model: SMALL,         Lang: ANSI-C

*********************************************************************************************
STARTUP SECTION
---------------------------------------------------------------------------------------------
Entry point: 0xF36B (_Startup)
_startupData is allocated at 0xF374 and uses 6 Bytes
extern struct _tagStartup {
  unsigned nofZeroOut     1
  _Range   pZeroOut       0x216     623
  _Copy    *toCopyDownBeg 0xFEFD
} _startupData;

*********************************************************************************************
SECTION-ALLOCATION SECTION
Section Name                    Size  Type     From       To       Segment
---------------------------------------------------------------------------------------------
.data                              4   R/W      0x216      0x219   RAM
FLASH_ROUTINES                   228     R     0xF200     0xF2E3   FLASH_ROM
.init                            132     R     0xF2F0     0xF373   BOOTLOADER
.startData                        14     R     0xF374     0xF381   BOOTLOADER
.rodata1                          13     R     0xF382     0xF38E   BOOTLOADER
.text                           2893     R     0xF38F     0xFEDB   BOOTLOADER
.rodata                           33     R     0xFEDC     0xFEFC   BOOTLOADER
.copy                             10     R     0xFEFD     0xFF06   BOOTLOADER
EXTRA_DATA                        61     R     0xFFC0     0xFFFC   BL_UNUSED_VECTS
.abs_section_ffbd                  1     R     0xFFBD     0xFFBD   .absSeg0
.abs_section_ffbf                  1     R     0xFFBF     0xFFBF   .absSeg1
.abs_section_200                   2   N/I      0x200      0x201   .absSeg2
.abs_section_204                   2   N/I      0x204      0x205   .absSeg3
.abs_section_0                     1   N/I        0x0        0x0   .absSeg4
.abs_section_1                     1   N/I        0x1        0x1   .absSeg5
.abs_section_2                     1   N/I        0x2        0x2   .absSeg6
.abs_section_3                     1   N/I        0x3        0x3   .absSeg7
.abs_section_4                     1   N/I        0x4        0x4   .absSeg8
.abs_section_5                     1   N/I        0x5        0x5   .absSeg9
.abs_section_6                     1   N/I        0x6        0x6   .absSeg10
.abs_section_7                     1   N/I        0x7        0x7   .absSeg11
.abs_section_8                     1   N/I        0x8        0x8   .absSeg12
.abs_section_9                     1   N/I        0x9        0x9   .absSeg13
.abs_section_c                     1   N/I        0xC        0xC   .absSeg14
.abs_section_d                     1   N/I        0xD        0xD   .absSeg15
.abs_section_e                     1   N/I        0xE        0xE   .absSeg16
.abs_section_f                     1   N/I        0xF        0xF   .absSeg17
.abs_section_10                    1   N/I       0x10       0x10   .absSeg18
.abs_section_11                    1   N/I       0x11       0x11   .absSeg19
.abs_section_16                    1   N/I       0x16       0x16   .absSeg20
.abs_section_17                    1   N/I       0x17       0x17   .absSeg21
.abs_section_18                    1   N/I       0x18       0x18   .absSeg22
.abs_section_1a                    1   N/I       0x1A       0x1A   .absSeg23
.abs_section_1b                    1   N/I       0x1B       0x1B   .absSeg24
.abs_section_22                    1   N/I       0x22       0x22   .absSeg25
.abs_section_23                    1   N/I       0x23       0x23   .absSeg26
.abs_section_24                    1   N/I       0x24       0x24   .absSeg27
.abs_section_25                    1   N/I       0x25       0x25   .absSeg28
.abs_section_26                    1   N/I       0x26       0x26   .absSeg29
.abs_section_27                    1   N/I       0x27       0x27   .absSeg30
.abs_section_28                    1   N/I       0x28       0x28   .absSeg31
.abs_section_29                    1   N/I       0x29       0x29   .absSeg32
.abs_section_2a                    1   N/I       0x2A       0x2A   .absSeg33
.abs_section_2b                    1   N/I       0x2B       0x2B   .absSeg34
.abs_section_2d                    1   N/I       0x2D       0x2D   .absSeg35
.abs_section_30                    1   N/I       0x30       0x30   .absSeg36
.abs_section_31                    1   N/I       0x31       0x31   .absSeg37
.abs_section_32                    1   N/I       0x32       0x32   .absSeg38
.abs_section_33                    1   N/I       0x33       0x33   .absSeg39
.abs_section_34                    1   N/I       0x34       0x34   .absSeg40
.abs_section_35                    1   N/I       0x35       0x35   .absSeg41
.abs_section_38                    1   N/I       0x38       0x38   .absSeg42
.abs_section_39                    1   N/I       0x39       0x39   .absSeg43
.abs_section_3a                    1   N/I       0x3A       0x3A   .absSeg44
.abs_section_3b                    1   N/I       0x3B       0x3B   .absSeg45
.abs_section_3c                    1   N/I       0x3C       0x3C   .absSeg46
.abs_section_3d                    1   N/I       0x3D       0x3D   .absSeg47
.abs_section_3e                    1   N/I       0x3E       0x3E   .absSeg48
.abs_section_40                    1   N/I       0x40       0x40   .absSeg49
.abs_section_45                    1   N/I       0x45       0x45   .absSeg50
.abs_section_48                    1   N/I       0x48       0x48   .absSeg51
.abs_section_4b                    1   N/I       0x4B       0x4B   .absSeg52
.abs_section_50                    1   N/I       0x50       0x50   .absSeg53
.abs_section_55                    1   N/I       0x55       0x55   .absSeg54
.abs_section_58                    1   N/I       0x58       0x58   .absSeg55
.abs_section_5b                    1   N/I       0x5B       0x5B   .absSeg56
.abs_section_60                    1   N/I       0x60       0x60   .absSeg57
.abs_section_65                    1   N/I       0x65       0x65   .absSeg58
.abs_section_68                    1   N/I       0x68       0x68   .absSeg59
.abs_section_6b                    1   N/I       0x6B       0x6B   .absSeg60
.abs_section_6e                    1   N/I       0x6E       0x6E   .absSeg61
.abs_section_71                    1   N/I       0x71       0x71   .absSeg62
.abs_section_74                    1   N/I       0x74       0x74   .absSeg63
.abs_section_1800                  1   N/I     0x1800     0x1800   .absSeg64
.abs_section_1801                  1   N/I     0x1801     0x1801   .absSeg65
.abs_section_1802                  1   N/I     0x1802     0x1802   .absSeg66
.abs_section_1803                  1   N/I     0x1803     0x1803   .absSeg67
.abs_section_1808                  1   N/I     0x1808     0x1808   .absSeg68
.abs_section_1809                  1   N/I     0x1809     0x1809   .absSeg69
.abs_section_180b                  1   N/I     0x180B     0x180B   .absSeg70
.abs_section_180e                  1   N/I     0x180E     0x180E   .absSeg71
.abs_section_180f                  1   N/I     0x180F     0x180F   .absSeg72
.abs_section_1818                  1   N/I     0x1818     0x1818   .absSeg73
.abs_section_1819                  1   N/I     0x1819     0x1819   .absSeg74
.abs_section_181a                  1   N/I     0x181A     0x181A   .absSeg75
.abs_section_181c                  1   N/I     0x181C     0x181C   .absSeg76
.abs_section_181d                  1   N/I     0x181D     0x181D   .absSeg77
.abs_section_181e                  1   N/I     0x181E     0x181E   .absSeg78
.abs_section_181f                  1   N/I     0x181F     0x181F   .absSeg79
.abs_section_1820                  1   N/I     0x1820     0x1820   .absSeg80
.abs_section_1821                  1   N/I     0x1821     0x1821   .absSeg81
.abs_section_1823                  1   N/I     0x1823     0x1823   .absSeg82
.abs_section_1824                  1   N/I     0x1824     0x1824   .absSeg83
.abs_section_1825                  1   N/I     0x1825     0x1825   .absSeg84
.abs_section_1826                  1   N/I     0x1826     0x1826   .absSeg85
.abs_section_1830                  1   N/I     0x1830     0x1830   .absSeg86
.abs_section_1831                  1   N/I     0x1831     0x1831   .absSeg87
.abs_section_1832                  1   N/I     0x1832     0x1832   .absSeg88
.abs_section_1840                  1   N/I     0x1840     0x1840   .absSeg89
.abs_section_1841                  1   N/I     0x1841     0x1841   .absSeg90
.abs_section_1842                  1   N/I     0x1842     0x1842   .absSeg91
.abs_section_1844                  1   N/I     0x1844     0x1844   .absSeg92
.abs_section_1845                  1   N/I     0x1845     0x1845   .absSeg93
.abs_section_1846                  1   N/I     0x1846     0x1846   .absSeg94
.abs_section_1848                  1   N/I     0x1848     0x1848   .absSeg95
.abs_section_1849                  1   N/I     0x1849     0x1849   .absSeg96
.abs_section_184a                  1   N/I     0x184A     0x184A   .absSeg97
.abs_section_184c                  1   N/I     0x184C     0x184C   .absSeg98
.abs_section_184d                  1   N/I     0x184D     0x184D   .absSeg99
.abs_section_184e                  1   N/I     0x184E     0x184E   .absSeg100
.abs_section_1850                  1   N/I     0x1850     0x1850   .absSeg101
.abs_section_1851                  1   N/I     0x1851     0x1851   .absSeg102
.abs_section_1852                  1   N/I     0x1852     0x1852   .absSeg103
.abs_section_1872                  1   N/I     0x1872     0x1872   .absSeg104
.abs_section_1873                  1   N/I     0x1873     0x1873   .absSeg105
.abs_section_1874                  1   N/I     0x1874     0x1874   .absSeg106
.abs_section_1875                  1   N/I     0x1875     0x1875   .absSeg107
.abs_section_1876                  1   N/I     0x1876     0x1876   .absSeg108
.abs_section_1877                  1   N/I     0x1877     0x1877   .absSeg109
.abs_section_12                    2   N/I       0x12       0x13   .absSeg110
.abs_section_14                    2   N/I       0x14       0x15   .absSeg111
.abs_section_20                    2   N/I       0x20       0x21   .absSeg112
.abs_section_41                    2   N/I       0x41       0x42   .absSeg113
.abs_section_43                    2   N/I       0x43       0x44   .absSeg114
.abs_section_46                    2   N/I       0x46       0x47   .absSeg115
.abs_section_49                    2   N/I       0x49       0x4A   .absSeg116
.abs_section_4c                    2   N/I       0x4C       0x4D   .absSeg117
.abs_section_51                    2   N/I       0x51       0x52   .absSeg118
.abs_section_53                    2   N/I       0x53       0x54   .absSeg119
.abs_section_56                    2   N/I       0x56       0x57   .absSeg120
.abs_section_59                    2   N/I       0x59       0x5A   .absSeg121
.abs_section_5c                    2   N/I       0x5C       0x5D   .absSeg122
.abs_section_61                    2   N/I       0x61       0x62   .absSeg123
.abs_section_63                    2   N/I       0x63       0x64   .absSeg124
.abs_section_66                    2   N/I       0x66       0x67   .absSeg125
.abs_section_69                    2   N/I       0x69       0x6A   .absSeg126
.abs_section_6c                    2   N/I       0x6C       0x6D   .absSeg127
.abs_section_6f                    2   N/I       0x6F       0x70   .absSeg128
.abs_section_72                    2   N/I       0x72       0x73   .absSeg129
.abs_section_75                    2   N/I       0x75       0x76   .absSeg130
.abs_section_1806                  2   N/I     0x1806     0x1807   .absSeg131
.abs_section_1810                  2   N/I     0x1810     0x1811   .absSeg132
.abs_section_1812                  2   N/I     0x1812     0x1813   .absSeg133
.abs_section_1814                  2   N/I     0x1814     0x1815   .absSeg134
.abs_section_1816                  2   N/I     0x1816     0x1817   .absSeg135
.abs_section_1870                  2   N/I     0x1870     0x1871   .absSeg136
.abs_section_ffaa                  4     R     0xFFAA     0xFFAD   .absSeg137
.abs_section_f1bc                  4     R     0xF1BC     0xF1BF   .absSeg138
.bss                             583   R/W      0x21A      0x460   RAM
.common                           36   R/W      0x461      0x484   RAM
.stack                           320   R/W      0x485      0x5C4   RAM
.vectSeg139_vect                   2     R     0xFFFE     0xFFFF   .vectSeg139

Summary of section sizes per section type:
READ_ONLY (R):         D44 (dec:     3396)
READ_WRITE (R/W):      3AF (dec:      943)
NO_INIT (N/I):          A4 (dec:      164)

*********************************************************************************************
VECTOR-ALLOCATION SECTION
    Address     InitValue   InitFunction
---------------------------------------------------------------------------------------------
     0xFFFE        0xF36B   _Startup

*********************************************************************************************
OBJECT-ALLOCATION SECTION
     Name               Module                 Addr   hSize   dSize     Ref    Section   RLIB
---------------------------------------------------------------------------------------------
MODULE:                 -- Start08.c.o --
- PROCEDURES:
     loadByte                                  F2F0       E      14       5   .init       
     Init                                      F2FE      6D     109       1   .init       
     _Startup                                  F36B       9       9       0   .init       
- VARIABLES:
     _startupData                              F374       6       6       4   .startData  
- LABELS:
     __SEG_END_SSTACK                           5C5       0       0       1               
MODULE:                 -- xmodem.c.o --
- PROCEDURES:
     OUT_BYTE                                  F38F      16      22       4   .text       
     setTimeoutShift                           F3A5       4       4       2   .text       
     xmodemReceive                             F3A9     2D8     728      16   .text       
     _inbyte                                   F681      4F      79       8   .text       
     check                                     F6D0      3A      58       3   .text       
     flushinput                                F70A       C      12       2   .text       
- VARIABLES:
     xbuff                                      21A      E9     233      16   .bss        
     whichUART                                  303       1       1       3   .bss        
     timeoutTimer                               304       2       2       6   .bss        
     timeoutShift                               306       1       1       7   .bss        
     head                                       307       1       1      15   .bss        
     tail                                       308       1       1      12   .bss        
- LABELS:
     __SEG_START_FLASH_ROUTINES                F200       0       0       3               
MODULE:                 -- crc16.c.o --
- PROCEDURES:
     CalculateCrc                              F716      58      88       1   .text       
- VARIABLES:
MODULE:                 -- main.c.o --
- PROCEDURES:
     initBootloader                            F76E      4D      77       1   .text       
     main                                      F7BB      A4     164       1   .text       
- VARIABLES:
     NVPROT_INIT                               FFBD       1       1       0   .abs_section_ffbd
     NVOPT_INIT                                FFBF       1       1       0   .abs_section_ffbf
     AppResetCause                              200       2       2       8   .abs_section_200
     BLResetCause                               204       2       2       7   .abs_section_204
MODULE:                 -- MC9S08QE32.C.o --
- PROCEDURES:
- VARIABLES:
     _PTAD                                        0       1       1       0   .abs_section_0
     _PTADD                                       1       1       1       0   .abs_section_1
     _PTBD                                        2       1       1      15   .abs_section_2
     _PTBDD                                       3       1       1       1   .abs_section_3
     _PTCD                                        4       1       1      18   .abs_section_4
     _PTCDD                                       5       1       1       1   .abs_section_5
     _PTDD                                        6       1       1       6   .abs_section_6
     _PTDDD                                       7       1       1       1   .abs_section_7
     _PTED                                        8       1       1       3   .abs_section_8
     _PTEDD                                       9       1       1       0   .abs_section_9
     _KBI1SC                                      C       1       1       0   .abs_section_c
     _KBI1PE                                      D       1       1       0   .abs_section_d
     _KBI1ES                                      E       1       1       0   .abs_section_e
     _IRQSC                                       F       1       1       0   .abs_section_f
     _ADCSC1                                     10       1       1       0   .abs_section_10
     _ADCSC2                                     11       1       1       0   .abs_section_11
     _ADCCFG                                     16       1       1       0   .abs_section_16
     _APCTL1                                     17       1       1       0   .abs_section_17
     _APCTL2                                     18       1       1       0   .abs_section_18
     _ACMP1SC                                    1A       1       1       0   .abs_section_1a
     _ACMP2SC                                    1B       1       1       0   .abs_section_1b
     _SCI1C1                                     22       1       1       0   .abs_section_22
     _SCI1C2                                     23       1       1       2   .abs_section_23
     _SCI1S1                                     24       1       1       4   .abs_section_24
     _SCI1S2                                     25       1       1       0   .abs_section_25
     _SCI1C3                                     26       1       1       0   .abs_section_26
     _SCI1D                                      27       1       1       5   .abs_section_27
     _SPIC1                                      28       1       1       0   .abs_section_28
     _SPIC2                                      29       1       1       0   .abs_section_29
     _SPIBR                                      2A       1       1       0   .abs_section_2a
     _SPIS                                       2B       1       1       0   .abs_section_2b
     _SPID                                       2D       1       1       0   .abs_section_2d
     _IICA                                       30       1       1       0   .abs_section_30
     _IICF                                       31       1       1       0   .abs_section_31
     _IICC1                                      32       1       1       0   .abs_section_32
     _IICS                                       33       1       1       0   .abs_section_33
     _IICD                                       34       1       1       0   .abs_section_34
     _IICC2                                      35       1       1       0   .abs_section_35
     _ICSC1                                      38       1       1       1   .abs_section_38
     _ICSC2                                      39       1       1       2   .abs_section_39
     _ICSTRM                                     3A       1       1       1   .abs_section_3a
     _ICSSC                                      3B       1       1       1   .abs_section_3b
     _KBI2SC                                     3C       1       1       0   .abs_section_3c
     _KBI2PE                                     3D       1       1       0   .abs_section_3d
     _KBI2ES                                     3E       1       1       0   .abs_section_3e
     _TPM1SC                                     40       1       1       0   .abs_section_40
     _TPM1C0SC                                   45       1       1       0   .abs_section_45
     _TPM1C1SC                                   48       1       1       0   .abs_section_48
     _TPM1C2SC                                   4B       1       1       0   .abs_section_4b
     _TPM2SC                                     50       1       1       0   .abs_section_50
     _TPM2C0SC                                   55       1       1       0   .abs_section_55
     _TPM2C1SC                                   58       1       1       0   .abs_section_58
     _TPM2C2SC                                   5B       1       1       0   .abs_section_5b
     _TPM3SC                                     60       1       1       0   .abs_section_60
     _TPM3C0SC                                   65       1       1       0   .abs_section_65
     _TPM3C1SC                                   68       1       1       0   .abs_section_68
     _TPM3C2SC                                   6B       1       1       0   .abs_section_6b
     _TPM3C3SC                                   6E       1       1       0   .abs_section_6e
     _TPM3C4SC                                   71       1       1       0   .abs_section_71
     _TPM3C5SC                                   74       1       1       0   .abs_section_74
     _SRS                                      1800       1       1      22   .abs_section_1800
     _SBDFR                                    1801       1       1       0   .abs_section_1801
     _SOPT1                                    1802       1       1       2   .abs_section_1802
     _SOPT2                                    1803       1       1       0   .abs_section_1803
     _SPMSC1                                   1808       1       1       0   .abs_section_1808
     _SPMSC2                                   1809       1       1       0   .abs_section_1809
     _SPMSC3                                   180B       1       1       0   .abs_section_180b
     _SCGC1                                    180E       1       1       1   .abs_section_180e
     _SCGC2                                    180F       1       1       1   .abs_section_180f
     _DBGCAX                                   1818       1       1       0   .abs_section_1818
     _DBGCBX                                   1819       1       1       0   .abs_section_1819
     _DBGCCX                                   181A       1       1       0   .abs_section_181a
     _DBGC                                     181C       1       1       0   .abs_section_181c
     _DBGT                                     181D       1       1       0   .abs_section_181d
     _DBGS                                     181E       1       1       0   .abs_section_181e
     _DBGCNT                                   181F       1       1       0   .abs_section_181f
     _FCDIV                                    1820       1       1       1   .abs_section_1820
     _FOPT                                     1821       1       1       0   .abs_section_1821
     _FCNFG                                    1823       1       1       0   .abs_section_1823
     _FPROT                                    1824       1       1       0   .abs_section_1824
     _FSTAT                                    1825       1       1      18   .abs_section_1825
     _FCMD                                     1826       1       1       2   .abs_section_1826
     _RTCSC                                    1830       1       1       0   .abs_section_1830
     _RTCCNT                                   1831       1       1       0   .abs_section_1831
     _RTCMOD                                   1832       1       1       0   .abs_section_1832
     _PTAPE                                    1840       1       1       0   .abs_section_1840
     _PTASE                                    1841       1       1       0   .abs_section_1841
     _PTADS                                    1842       1       1       0   .abs_section_1842
     _PTBPE                                    1844       1       1       0   .abs_section_1844
     _PTBSE                                    1845       1       1       0   .abs_section_1845
     _PTBDS                                    1846       1       1       0   .abs_section_1846
     _PTCPE                                    1848       1       1       0   .abs_section_1848
     _PTCSE                                    1849       1       1       0   .abs_section_1849
     _PTCDS                                    184A       1       1       0   .abs_section_184a
     _PTDPE                                    184C       1       1       0   .abs_section_184c
     _PTDSE                                    184D       1       1       0   .abs_section_184d
     _PTDDS                                    184E       1       1       0   .abs_section_184e
     _PTEPE                                    1850       1       1       1   .abs_section_1850
     _PTESE                                    1851       1       1       0   .abs_section_1851
     _PTEDS                                    1852       1       1       0   .abs_section_1852
     _SCI2C1                                   1872       1       1       0   .abs_section_1872
     _SCI2C2                                   1873       1       1       2   .abs_section_1873
     _SCI2S1                                   1874       1       1       2   .abs_section_1874
     _SCI2S2                                   1875       1       1       0   .abs_section_1875
     _SCI2C3                                   1876       1       1       0   .abs_section_1876
     _SCI2D                                    1877       1       1       2   .abs_section_1877
     _ADCR                                       12       2       2       0   .abs_section_12
     _ADCCV                                      14       2       2       0   .abs_section_14
     _SCI1BD                                     20       2       2       1   .abs_section_20
     _TPM1CNT                                    41       2       2       0   .abs_section_41
     _TPM1MOD                                    43       2       2       0   .abs_section_43
     _TPM1C0V                                    46       2       2       0   .abs_section_46
     _TPM1C1V                                    49       2       2       0   .abs_section_49
     _TPM1C2V                                    4C       2       2       0   .abs_section_4c
     _TPM2CNT                                    51       2       2       0   .abs_section_51
     _TPM2MOD                                    53       2       2       0   .abs_section_53
     _TPM2C0V                                    56       2       2       0   .abs_section_56
     _TPM2C1V                                    59       2       2       0   .abs_section_59
     _TPM2C2V                                    5C       2       2       0   .abs_section_5c
     _TPM3CNT                                    61       2       2       0   .abs_section_61
     _TPM3MOD                                    63       2       2       0   .abs_section_63
     _TPM3C0V                                    66       2       2       0   .abs_section_66
     _TPM3C1V                                    69       2       2       0   .abs_section_69
     _TPM3C2V                                    6C       2       2       0   .abs_section_6c
     _TPM3C3V                                    6F       2       2       0   .abs_section_6f
     _TPM3C4V                                    72       2       2       0   .abs_section_72
     _TPM3C5V                                    75       2       2       0   .abs_section_75
     _SDID                                     1806       2       2       0   .abs_section_1806
     _DBGCA                                    1810       2       2       0   .abs_section_1810
     _DBGCB                                    1812       2       2       0   .abs_section_1812
     _DBGCC                                    1814       2       2       0   .abs_section_1814
     _DBGF                                     1816       2       2       0   .abs_section_1816
     _SCI2BD                                   1870       2       2       1   .abs_section_1870
MODULE:                 -- flash32KB.c.o --
- PROCEDURES:
     CopyInRAM                                 F85F      3A      58       1   .text       
     erase                                     F200      5C      92       2   FLASH_ROUTINES        100
     program                                   F25C      88     136       1   FLASH_ROUTINES        15C
- VARIABLES:
- LABELS:
     __SEG_SIZE_FLASH_ROUTINES                   E4       0       0       1               
MODULE:                 -- RTSHC08.C.o (ansiis.lib) --
- PROCEDURES:
     _PUSH_ARGS_L                              F899      20      32       1   .text       
     _ENTER_BINARY_L_RC                        F8B9      19      25       1   .text       
     _LCMP_k_rel_j                             F8D2      1F      31       1   .text       
     _ILSR                                     F8F1       C      12       1   .text       
     _ILSL                                     F8FD       C      12       1   .text       
     _ICMP                                     F909      16      22       3   .text       
     _LCMP_RC                                  F91F       6       6       1   .text       
     _Search_Table_8_Offset                    F925      25      37       1   .text       
- VARIABLES:
MODULE:                 -- STRING.C.o (ansiis.lib) --
- PROCEDURES:
     memcpy                                    F94A      3D      61       1   .text       
- VARIABLES:
MODULE:                 -- CmdProcessor.c.o --
- PROCEDURES:
     processRequest                            F987     165     357       5   .text       
     SendString                                FAEC      71     113       1   .text       
- VARIABLES:
     menu1                                     FEDC       F      15       1   .rodata     
     VERSION                                   FEEB      12      18       1   .rodata     
     STRING..Bad.4                             F382       5       5       1   .rodata1    
     STRING.Unknown.5                          F387       8       8       1   .rodata1    
     menu                                       216       4       4       1   .data       
     badCommands                                309       1       1       3   .bss        
     timeoutMenuH                               30A       1       1       2   .bss        
     timeoutMenuL                               30B       2       2       2   .bss        
     tBuff                                      30D       2       2       2   .bss        
     timeoutShift                               30F       1       1       5   .bss        
     menu2                                     FFC0      3D      61       1   EXTRA_DATA  
     pVersion                                  FFAA       4       4       1   .abs_section_ffaa
     pAppVersion                               F1BC       4       4       2   .abs_section_f1bc
     version                                    461      24      36       3   .common     
MODULE:                 -- Api.c.o --
- PROCEDURES:
     getTxDestination64ptr                     FB5D       4       4       2   .text       
     getTxDataBuffer                           FB61       4       4       4   .text       
     ucCalcChecksum                            FB65      20      32       1   .text       
     vSetTxDestination64                       FB85      32      50       2   .text       
     vWriteTxDataSci2Len                       FBB7      3D      61       4   .text       
     vWriteCharTxDataSci2                      FBF4       7       7       1   .text       
     fixRX64BitAddress                         FBFB      36      54       2   .text       
     ucReadApiSci2                             FC31     1D9     473       8   .text       
     vInitApi                                  FE0A      16      22       2   .text       
     readEM250                                 FE20      19      25       4   .text       
- VARIABLES:
     apibuf                                     310      44      68       9   .bss        
     tail                                       354       1       1      19   .bss        
     head                                       355       1       1       7   .bss        
     ucSci2RcvBuf                               356     100     256      12   .bss        
     state                                      456       1       1       5   .bss        
     lengthApi                                  457       1       1       8   .bss        
     fixedSourceAddress                         458       8       8       3   .bss        
     isFixed                                    460       1       1       5   .bss        
MODULE:                 -- UARTandPassThru.c.o --
- PROCEDURES:
     DoPassThroughMode                         FE39      A3     163       2   .text       
- VARIABLES:

*********************************************************************************************
MODULE STATISTIC
  Name                                      Data   Code  Const
---------------------------------------------------------------------------------------------
  Start08.c.o                                  0    132      0
  xmodem.c.o                                 239    903      0
  crc16.c.o                                    0     88      0
  main.c.o                                     4    241      2
  MC9S08QE32.C.o                             160      0      0
  flash32KB.c.o                                0    286      0
  RTSHC08.C.o (ansiis.lib)                     0    177      0
  STRING.C.o (ansiis.lib)                      0     61      0
  CmdProcessor.c.o                            47    470    115
  Api.c.o                                    337    732      0
  UARTandPassThru.c.o                          0    163      0
  other                                      320     16     10

*********************************************************************************************
SECTION USE IN OBJECT-ALLOCATION SECTION
---------------------------------------------------------------------------------------------
SECTION: ".text"
  OUT_BYTE setTimeoutShift xmodemReceive _inbyte check flushinput CalculateCrc 
  initBootloader main CopyInRAM _PUSH_ARGS_L _ENTER_BINARY_L_RC _LCMP_k_rel_j 
  _ILSR _ILSL _ICMP _LCMP_RC _Search_Table_8_Offset memcpy processRequest 
  SendString getTxDestination64ptr getTxDataBuffer ucCalcChecksum 
  vSetTxDestination64 vWriteTxDataSci2Len vWriteCharTxDataSci2 
  fixRX64BitAddress ucReadApiSci2 vInitApi readEM250 DoPassThroughMode 
SECTION: ".data"
  menu 
SECTION: ".bss"
  xbuff whichUART timeoutTimer timeoutShift head tail badCommands timeoutMenuH 
  timeoutMenuL tBuff timeoutShift apibuf tail head ucSci2RcvBuf state lengthApi 
  fixedSourceAddress isFixed 
SECTION: ".init"
  loadByte Init _Startup 
SECTION: ".rodata"
  menu1 VERSION 
SECTION: ".rodata1"
  STRING..Bad.4 STRING.Unknown.5 
SECTION: "FLASH_ROUTINES"
  erase program 
SECTION: "EXTRA_DATA"
  menu2 
SECTION: ".abs_section_ffbd"
  NVPROT_INIT 
SECTION: ".abs_section_ffbf"
  NVOPT_INIT 
SECTION: ".abs_section_200"
  AppResetCause 
SECTION: ".abs_section_204"
  BLResetCause 
SECTION: ".abs_section_0"
  _PTAD 
SECTION: ".abs_section_1"
  _PTADD 
SECTION: ".abs_section_2"
  _PTBD 
SECTION: ".abs_section_3"
  _PTBDD 
SECTION: ".abs_section_4"
  _PTCD 
SECTION: ".abs_section_5"
  _PTCDD 
SECTION: ".abs_section_6"
  _PTDD 
SECTION: ".abs_section_7"
  _PTDDD 
SECTION: ".abs_section_8"
  _PTED 
SECTION: ".abs_section_9"
  _PTEDD 
SECTION: ".abs_section_c"
  _KBI1SC 
SECTION: ".abs_section_d"
  _KBI1PE 
SECTION: ".abs_section_e"
  _KBI1ES 
SECTION: ".abs_section_f"
  _IRQSC 
SECTION: ".abs_section_10"
  _ADCSC1 
SECTION: ".abs_section_11"
  _ADCSC2 
SECTION: ".abs_section_16"
  _ADCCFG 
SECTION: ".abs_section_17"
  _APCTL1 
SECTION: ".abs_section_18"
  _APCTL2 
SECTION: ".abs_section_1a"
  _ACMP1SC 
SECTION: ".abs_section_1b"
  _ACMP2SC 
SECTION: ".abs_section_22"
  _SCI1C1 
SECTION: ".abs_section_23"
  _SCI1C2 
SECTION: ".abs_section_24"
  _SCI1S1 
SECTION: ".abs_section_25"
  _SCI1S2 
SECTION: ".abs_section_26"
  _SCI1C3 
SECTION: ".abs_section_27"
  _SCI1D 
SECTION: ".abs_section_28"
  _SPIC1 
SECTION: ".abs_section_29"
  _SPIC2 
SECTION: ".abs_section_2a"
  _SPIBR 
SECTION: ".abs_section_2b"
  _SPIS 
SECTION: ".abs_section_2d"
  _SPID 
SECTION: ".abs_section_30"
  _IICA 
SECTION: ".abs_section_31"
  _IICF 
SECTION: ".abs_section_32"
  _IICC1 
SECTION: ".abs_section_33"
  _IICS 
SECTION: ".abs_section_34"
  _IICD 
SECTION: ".abs_section_35"
  _IICC2 
SECTION: ".abs_section_38"
  _ICSC1 
SECTION: ".abs_section_39"
  _ICSC2 
SECTION: ".abs_section_3a"
  _ICSTRM 
SECTION: ".abs_section_3b"
  _ICSSC 
SECTION: ".abs_section_3c"
  _KBI2SC 
SECTION: ".abs_section_3d"
  _KBI2PE 
SECTION: ".abs_section_3e"
  _KBI2ES 
SECTION: ".abs_section_40"
  _TPM1SC 
SECTION: ".abs_section_45"
  _TPM1C0SC 
SECTION: ".abs_section_48"
  _TPM1C1SC 
SECTION: ".abs_section_4b"
  _TPM1C2SC 
SECTION: ".abs_section_50"
  _TPM2SC 
SECTION: ".abs_section_55"
  _TPM2C0SC 
SECTION: ".abs_section_58"
  _TPM2C1SC 
SECTION: ".abs_section_5b"
  _TPM2C2SC 
SECTION: ".abs_section_60"
  _TPM3SC 
SECTION: ".abs_section_65"
  _TPM3C0SC 
SECTION: ".abs_section_68"
  _TPM3C1SC 
SECTION: ".abs_section_6b"
  _TPM3C2SC 
SECTION: ".abs_section_6e"
  _TPM3C3SC 
SECTION: ".abs_section_71"
  _TPM3C4SC 
SECTION: ".abs_section_74"
  _TPM3C5SC 
SECTION: ".abs_section_1800"
  _SRS 
SECTION: ".abs_section_1801"
  _SBDFR 
SECTION: ".abs_section_1802"
  _SOPT1 
SECTION: ".abs_section_1803"
  _SOPT2 
SECTION: ".abs_section_1808"
  _SPMSC1 
SECTION: ".abs_section_1809"
  _SPMSC2 
SECTION: ".abs_section_180b"
  _SPMSC3 
SECTION: ".abs_section_180e"
  _SCGC1 
SECTION: ".abs_section_180f"
  _SCGC2 
SECTION: ".abs_section_1818"
  _DBGCAX 
SECTION: ".abs_section_1819"
  _DBGCBX 
SECTION: ".abs_section_181a"
  _DBGCCX 
SECTION: ".abs_section_181c"
  _DBGC 
SECTION: ".abs_section_181d"
  _DBGT 
SECTION: ".abs_section_181e"
  _DBGS 
SECTION: ".abs_section_181f"
  _DBGCNT 
SECTION: ".abs_section_1820"
  _FCDIV 
SECTION: ".abs_section_1821"
  _FOPT 
SECTION: ".abs_section_1823"
  _FCNFG 
SECTION: ".abs_section_1824"
  _FPROT 
SECTION: ".abs_section_1825"
  _FSTAT 
SECTION: ".abs_section_1826"
  _FCMD 
SECTION: ".abs_section_1830"
  _RTCSC 
SECTION: ".abs_section_1831"
  _RTCCNT 
SECTION: ".abs_section_1832"
  _RTCMOD 
SECTION: ".abs_section_1840"
  _PTAPE 
SECTION: ".abs_section_1841"
  _PTASE 
SECTION: ".abs_section_1842"
  _PTADS 
SECTION: ".abs_section_1844"
  _PTBPE 
SECTION: ".abs_section_1845"
  _PTBSE 
SECTION: ".abs_section_1846"
  _PTBDS 
SECTION: ".abs_section_1848"
  _PTCPE 
SECTION: ".abs_section_1849"
  _PTCSE 
SECTION: ".abs_section_184a"
  _PTCDS 
SECTION: ".abs_section_184c"
  _PTDPE 
SECTION: ".abs_section_184d"
  _PTDSE 
SECTION: ".abs_section_184e"
  _PTDDS 
SECTION: ".abs_section_1850"
  _PTEPE 
SECTION: ".abs_section_1851"
  _PTESE 
SECTION: ".abs_section_1852"
  _PTEDS 
SECTION: ".abs_section_1872"
  _SCI2C1 
SECTION: ".abs_section_1873"
  _SCI2C2 
SECTION: ".abs_section_1874"
  _SCI2S1 
SECTION: ".abs_section_1875"
  _SCI2S2 
SECTION: ".abs_section_1876"
  _SCI2C3 
SECTION: ".abs_section_1877"
  _SCI2D 
SECTION: ".abs_section_12"
  _ADCR 
SECTION: ".abs_section_14"
  _ADCCV 
SECTION: ".abs_section_20"
  _SCI1BD 
SECTION: ".abs_section_41"
  _TPM1CNT 
SECTION: ".abs_section_43"
  _TPM1MOD 
SECTION: ".abs_section_46"
  _TPM1C0V 
SECTION: ".abs_section_49"
  _TPM1C1V 
SECTION: ".abs_section_4c"
  _TPM1C2V 
SECTION: ".abs_section_51"
  _TPM2CNT 
SECTION: ".abs_section_53"
  _TPM2MOD 
SECTION: ".abs_section_56"
  _TPM2C0V 
SECTION: ".abs_section_59"
  _TPM2C1V 
SECTION: ".abs_section_5c"
  _TPM2C2V 
SECTION: ".abs_section_61"
  _TPM3CNT 
SECTION: ".abs_section_63"
  _TPM3MOD 
SECTION: ".abs_section_66"
  _TPM3C0V 
SECTION: ".abs_section_69"
  _TPM3C1V 
SECTION: ".abs_section_6c"
  _TPM3C2V 
SECTION: ".abs_section_6f"
  _TPM3C3V 
SECTION: ".abs_section_72"
  _TPM3C4V 
SECTION: ".abs_section_75"
  _TPM3C5V 
SECTION: ".abs_section_1806"
  _SDID 
SECTION: ".abs_section_1810"
  _DBGCA 
SECTION: ".abs_section_1812"
  _DBGCB 
SECTION: ".abs_section_1814"
  _DBGCC 
SECTION: ".abs_section_1816"
  _DBGF 
SECTION: ".abs_section_1870"
  _SCI2BD 
SECTION: ".common"
  version 
SECTION: ".abs_section_ffaa"
  pVersion 
SECTION: ".abs_section_f1bc"
  pAppVersion 

*********************************************************************************************
OBJECT LIST SORTED BY ADDRESS
     Name                                      Addr   hSize   dSize     Ref    Section   RLIB
---------------------------------------------------------------------------------------------
     _PTAD                                        0       1       1       0   .abs_section_0
     _PTADD                                       1       1       1       0   .abs_section_1
     _PTBD                                        2       1       1      15   .abs_section_2
     _PTBDD                                       3       1       1       1   .abs_section_3
     _PTCD                                        4       1       1      18   .abs_section_4
     _PTCDD                                       5       1       1       1   .abs_section_5
     _PTDD                                        6       1       1       6   .abs_section_6
     _PTDDD                                       7       1       1       1   .abs_section_7
     _PTED                                        8       1       1       3   .abs_section_8
     _PTEDD                                       9       1       1       0   .abs_section_9
     _KBI1SC                                      C       1       1       0   .abs_section_c
     _KBI1PE                                      D       1       1       0   .abs_section_d
     _KBI1ES                                      E       1       1       0   .abs_section_e
     _IRQSC                                       F       1       1       0   .abs_section_f
     _ADCSC1                                     10       1       1       0   .abs_section_10
     _ADCSC2                                     11       1       1       0   .abs_section_11
     _ADCR                                       12       2       2       0   .abs_section_12
     _ADCCV                                      14       2       2       0   .abs_section_14
     _ADCCFG                                     16       1       1       0   .abs_section_16
     _APCTL1                                     17       1       1       0   .abs_section_17
     _APCTL2                                     18       1       1       0   .abs_section_18
     _ACMP1SC                                    1A       1       1       0   .abs_section_1a
     _ACMP2SC                                    1B       1       1       0   .abs_section_1b
     _SCI1BD                                     20       2       2       1   .abs_section_20
     _SCI1C1                                     22       1       1       0   .abs_section_22
     _SCI1C2                                     23       1       1       2   .abs_section_23
     _SCI1S1                                     24       1       1       4   .abs_section_24
     _SCI1S2                                     25       1       1       0   .abs_section_25
     _SCI1C3                                     26       1       1       0   .abs_section_26
     _SCI1D                                      27       1       1       5   .abs_section_27
     _SPIC1                                      28       1       1       0   .abs_section_28
     _SPIC2                                      29       1       1       0   .abs_section_29
     _SPIBR                                      2A       1       1       0   .abs_section_2a
     _SPIS                                       2B       1       1       0   .abs_section_2b
     _SPID                                       2D       1       1       0   .abs_section_2d
     _IICA                                       30       1       1       0   .abs_section_30
     _IICF                                       31       1       1       0   .abs_section_31
     _IICC1                                      32       1       1       0   .abs_section_32
     _IICS                                       33       1       1       0   .abs_section_33
     _IICD                                       34       1       1       0   .abs_section_34
     _IICC2                                      35       1       1       0   .abs_section_35
     _ICSC1                                      38       1       1       1   .abs_section_38
     _ICSC2                                      39       1       1       2   .abs_section_39
     _ICSTRM                                     3A       1       1       1   .abs_section_3a
     _ICSSC                                      3B       1       1       1   .abs_section_3b
     _KBI2SC                                     3C       1       1       0   .abs_section_3c
     _KBI2PE                                     3D       1       1       0   .abs_section_3d
     _KBI2ES                                     3E       1       1       0   .abs_section_3e
     _TPM1SC                                     40       1       1       0   .abs_section_40
     _TPM1CNT                                    41       2       2       0   .abs_section_41
     _TPM1MOD                                    43       2       2       0   .abs_section_43
     _TPM1C0SC                                   45       1       1       0   .abs_section_45
     _TPM1C0V                                    46       2       2       0   .abs_section_46
     _TPM1C1SC                                   48       1       1       0   .abs_section_48
     _TPM1C1V                                    49       2       2       0   .abs_section_49
     _TPM1C2SC                                   4B       1       1       0   .abs_section_4b
     _TPM1C2V                                    4C       2       2       0   .abs_section_4c
     _TPM2SC                                     50       1       1       0   .abs_section_50
     _TPM2CNT                                    51       2       2       0   .abs_section_51
     _TPM2MOD                                    53       2       2       0   .abs_section_53
     _TPM2C0SC                                   55       1       1       0   .abs_section_55
     _TPM2C0V                                    56       2       2       0   .abs_section_56
     _TPM2C1SC                                   58       1       1       0   .abs_section_58
     _TPM2C1V                                    59       2       2       0   .abs_section_59
     _TPM2C2SC                                   5B       1       1       0   .abs_section_5b
     _TPM2C2V                                    5C       2       2       0   .abs_section_5c
     _TPM3SC                                     60       1       1       0   .abs_section_60
     _TPM3CNT                                    61       2       2       0   .abs_section_61
     _TPM3MOD                                    63       2       2       0   .abs_section_63
     _TPM3C0SC                                   65       1       1       0   .abs_section_65
     _TPM3C0V                                    66       2       2       0   .abs_section_66
     _TPM3C1SC                                   68       1       1       0   .abs_section_68
     _TPM3C1V                                    69       2       2       0   .abs_section_69
     _TPM3C2SC                                   6B       1       1       0   .abs_section_6b
     _TPM3C2V                                    6C       2       2       0   .abs_section_6c
     _TPM3C3SC                                   6E       1       1       0   .abs_section_6e
     _TPM3C3V                                    6F       2       2       0   .abs_section_6f
     _TPM3C4SC                                   71       1       1       0   .abs_section_71
     _TPM3C4V                                    72       2       2       0   .abs_section_72
     _TPM3C5SC                                   74       1       1       0   .abs_section_74
     _TPM3C5V                                    75       2       2       0   .abs_section_75
     AppResetCause                              200       2       2       8   .abs_section_200
     BLResetCause                               204       2       2       7   .abs_section_204
     menu                                       216       4       4       1   .data       
     xbuff                                      21A      E9     233      16   .bss        
     whichUART                                  303       1       1       3   .bss        
     timeoutTimer                               304       2       2       6   .bss        
     timeoutShift                               306       1       1       7   .bss        
     head                                       307       1       1      15   .bss        
     tail                                       308       1       1      12   .bss        
     badCommands                                309       1       1       3   .bss        
     timeoutMenuH                               30A       1       1       2   .bss        
     timeoutMenuL                               30B       2       2       2   .bss        
     tBuff                                      30D       2       2       2   .bss        
     timeoutShift                               30F       1       1       5   .bss        
     apibuf                                     310      44      68       9   .bss        
     tail                                       354       1       1      19   .bss        
     head                                       355       1       1       7   .bss        
     ucSci2RcvBuf                               356     100     256      12   .bss        
     state                                      456       1       1       5   .bss        
     lengthApi                                  457       1       1       8   .bss        
     fixedSourceAddress                         458       8       8       3   .bss        
     isFixed                                    460       1       1       5   .bss        
     version                                    461      24      36       3   .common     
     _SRS                                      1800       1       1      22   .abs_section_1800
     _SBDFR                                    1801       1       1       0   .abs_section_1801
     _SOPT1                                    1802       1       1       2   .abs_section_1802
     _SOPT2                                    1803       1       1       0   .abs_section_1803
     _SDID                                     1806       2       2       0   .abs_section_1806
     _SPMSC1                                   1808       1       1       0   .abs_section_1808
     _SPMSC2                                   1809       1       1       0   .abs_section_1809
     _SPMSC3                                   180B       1       1       0   .abs_section_180b
     _SCGC1                                    180E       1       1       1   .abs_section_180e
     _SCGC2                                    180F       1       1       1   .abs_section_180f
     _DBGCA                                    1810       2       2       0   .abs_section_1810
     _DBGCB                                    1812       2       2       0   .abs_section_1812
     _DBGCC                                    1814       2       2       0   .abs_section_1814
     _DBGF                                     1816       2       2       0   .abs_section_1816
     _DBGCAX                                   1818       1       1       0   .abs_section_1818
     _DBGCBX                                   1819       1       1       0   .abs_section_1819
     _DBGCCX                                   181A       1       1       0   .abs_section_181a
     _DBGC                                     181C       1       1       0   .abs_section_181c
     _DBGT                                     181D       1       1       0   .abs_section_181d
     _DBGS                                     181E       1       1       0   .abs_section_181e
     _DBGCNT                                   181F       1       1       0   .abs_section_181f
     _FCDIV                                    1820       1       1       1   .abs_section_1820
     _FOPT                                     1821       1       1       0   .abs_section_1821
     _FCNFG                                    1823       1       1       0   .abs_section_1823
     _FPROT                                    1824       1       1       0   .abs_section_1824
     _FSTAT                                    1825       1       1      18   .abs_section_1825
     _FCMD                                     1826       1       1       2   .abs_section_1826
     _RTCSC                                    1830       1       1       0   .abs_section_1830
     _RTCCNT                                   1831       1       1       0   .abs_section_1831
     _RTCMOD                                   1832       1       1       0   .abs_section_1832
     _PTAPE                                    1840       1       1       0   .abs_section_1840
     _PTASE                                    1841       1       1       0   .abs_section_1841
     _PTADS                                    1842       1       1       0   .abs_section_1842
     _PTBPE                                    1844       1       1       0   .abs_section_1844
     _PTBSE                                    1845       1       1       0   .abs_section_1845
     _PTBDS                                    1846       1       1       0   .abs_section_1846
     _PTCPE                                    1848       1       1       0   .abs_section_1848
     _PTCSE                                    1849       1       1       0   .abs_section_1849
     _PTCDS                                    184A       1       1       0   .abs_section_184a
     _PTDPE                                    184C       1       1       0   .abs_section_184c
     _PTDSE                                    184D       1       1       0   .abs_section_184d
     _PTDDS                                    184E       1       1       0   .abs_section_184e
     _PTEPE                                    1850       1       1       1   .abs_section_1850
     _PTESE                                    1851       1       1       0   .abs_section_1851
     _PTEDS                                    1852       1       1       0   .abs_section_1852
     _SCI2BD                                   1870       2       2       1   .abs_section_1870
     _SCI2C1                                   1872       1       1       0   .abs_section_1872
     _SCI2C2                                   1873       1       1       2   .abs_section_1873
     _SCI2S1                                   1874       1       1       2   .abs_section_1874
     _SCI2S2                                   1875       1       1       0   .abs_section_1875
     _SCI2C3                                   1876       1       1       0   .abs_section_1876
     _SCI2D                                    1877       1       1       2   .abs_section_1877
     pAppVersion                               F1BC       4       4       2   .abs_section_f1bc
     erase                                     F200      5C      92       2   FLASH_ROUTINES        100
     program                                   F25C      88     136       1   FLASH_ROUTINES        15C
     loadByte                                  F2F0       E      14       5   .init       
     Init                                      F2FE      6D     109       1   .init       
     _Startup                                  F36B       9       9       0   .init       
     STRING..Bad.4                             F382       5       5       1   .rodata1    
     STRING.Unknown.5                          F387       8       8       1   .rodata1    
     OUT_BYTE                                  F38F      16      22       4   .text       
     setTimeoutShift                           F3A5       4       4       2   .text       
     xmodemReceive                             F3A9     2D8     728      16   .text       
     _inbyte                                   F681      4F      79       8   .text       
     check                                     F6D0      3A      58       3   .text       
     flushinput                                F70A       C      12       2   .text       
     CalculateCrc                              F716      58      88       1   .text       
     initBootloader                            F76E      4D      77       1   .text       
     main                                      F7BB      A4     164       1   .text       
     CopyInRAM                                 F85F      3A      58       1   .text       
     _PUSH_ARGS_L                              F899      20      32       1   .text       
     _ENTER_BINARY_L_RC                        F8B9      19      25       1   .text       
     _LCMP_k_rel_j                             F8D2      1F      31       1   .text       
     _ILSR                                     F8F1       C      12       1   .text       
     _ILSL                                     F8FD       C      12       1   .text       
     _ICMP                                     F909      16      22       3   .text       
     _LCMP_RC                                  F91F       6       6       1   .text       
     _Search_Table_8_Offset                    F925      25      37       1   .text       
     memcpy                                    F94A      3D      61       1   .text       
     processRequest                            F987     165     357       5   .text       
     SendString                                FAEC      71     113       1   .text       
     getTxDestination64ptr                     FB5D       4       4       2   .text       
     getTxDataBuffer                           FB61       4       4       4   .text       
     ucCalcChecksum                            FB65      20      32       1   .text       
     vSetTxDestination64                       FB85      32      50       2   .text       
     vWriteTxDataSci2Len                       FBB7      3D      61       4   .text       
     vWriteCharTxDataSci2                      FBF4       7       7       1   .text       
     fixRX64BitAddress                         FBFB      36      54       2   .text       
     ucReadApiSci2                             FC31     1D9     473       8   .text       
     vInitApi                                  FE0A      16      22       2   .text       
     readEM250                                 FE20      19      25       4   .text       
     DoPassThroughMode                         FE39      A3     163       2   .text       
     menu1                                     FEDC       F      15       1   .rodata     
     VERSION                                   FEEB      12      18       1   .rodata     
     pVersion                                  FFAA       4       4       1   .abs_section_ffaa
     NVPROT_INIT                               FFBD       1       1       0   .abs_section_ffbd
     NVOPT_INIT                                FFBF       1       1       0   .abs_section_ffbf
     menu2                                     FFC0      3D      61       1   EXTRA_DATA  

*********************************************************************************************
UNUSED-OBJECTS SECTION
---------------------------------------------------------------------------------------------
NOT USED PROCEDURES
main.c.o:
  vResetEM250 
RTSHC08.C.o (ansiis.lib):
  _PUSH_ARGS_D _ENTER_UNARY_L _ENTER_UNARY_L64 _ENTER_UNARY_L64_4 
  _ENTER_BINARY_L _ENTER_BINARY_L_LC _ENTER_BINARY_L64 _ENTER_BINARY_L64_LC 
  _ENTER_BINARY_L64_RC _IDIVMOD _SPLITSIGN _LADD_k_is_k_plus_j _k_is_k_plus_j_l 
  _k_is_k_plus_j_i _LSUB_k_is_k_minus_j _LAND_k_is_k_and_j _LOR_k_is_k_or_j 
  _LXOR_k_is_k_xor_j _LMUL_k_is_k_mul_j _LDIVMOD _NEG_L_HX _ABS_L_HX 
  _SPLITSIGN_L _LMODU_k_is_k_mod_j _LDIVU_k_is_k_div_j _LMODS_k_is_k_mod_j 
  _LDIVS_k_is_k_div_j _CMP24_k_rel_j _BMULS _BDIVS _BMODS _IMUL_STAR08 
  _IDIVS_STAR08 _IDIVU_STAR08 _IMODS_STAR08 _IMODU_STAR08 _IDIVU_8 _IMODU_8 
  _IASR _LINC _LDEC _LNEG _LNOT _LADD _LADD_RC _LSUB _LSUB_LC _LSUB_RC _LAND 
  _LAND_RC _LOR _LOR_RC _LXOR _LXOR_RC _LMUL _LMUL_RC _LDIVS _LDIVS_LC 
  _LDIVS_RC _LDIVU _LDIVU_LC _LDIVU_RC _LMODS _LMODS_LC _LMODS_RC _LMODU 
  _LMODU_LC _LMODU_RC _LASR _LLSR _LLSL _LCMP _PUSH_ARGS_24 _ENTER_BINARY_24_RC 
  _ENTER_BINARY_24 _CMP24 _CMP24_RC _COPY _COPY_L _POP32 _POP64 _STORE32 
  _STORE64 _SEXT8_32 _SEXT16_32 _CALL_STAR08 _CALL_STAR08_FAR _Jump_Table_Addr 
  _Jump_Table_Offset _Jump_Table_Header_Addr _Jump_Table_Header_Offset 
  _Search_Table_16_Addr _Search_Table_16_Offset _Search_Table_8_Addr _PUSH_CC 
  _POP_CC _CONV_FAR_TO_NEAR _CONV_FAR_TO_LINEAR _CONV_LINEAR_TO_FAR 
STRING.C.o (ansiis.lib):
  strerror memchr memcmp memcpy2 _memcpy_8bitCount memmove memset 
  _memset_clear_8bitCount strlen strset strcat strncat strcpy strncpy strcmp 
  strncmp strchr strrchr strspn strcspn strpbrk strstr strtok strcoll strxfrm 
NOT USED VARIABLES
RTSHC08.C.o (ansiis.lib):
  _PowOfTwo_8 _PowOfTwo_16 _PowOfTwo_32 errno 
STRING.C.o (ansiis.lib):
  STRING..1 next.2 

*********************************************************************************************
COPYDOWN SECTION
---------------------------------------------------------------------------------------------
------- ROM-ADDRESS: 0xFEFD ---- SIZE       4 ---
Filling bytes inserted
 00040216
------- ROM-ADDRESS: 0xFF01 ---- RAM-ADDRESS: 0x216 ---- SIZE       4 ---
Name of initialized Object : menu
 FEDCFFC0
------- ROM-ADDRESS: 0xFF05 ---- SIZE       2 ---
Filling bytes inserted
 0000

*********************************************************************************************
OBJECT-DEPENDENCIES SECTION
---------------------------------------------------------------------------------------------
menu                      USES menu1 menu2 
erase                     USES _FSTAT _FCMD 
program                   USES _FSTAT _SRS _FCMD 
Init                      USES _startupData loadByte 
_Startup                  USES __SEG_END_SSTACK Init main 
OUT_BYTE                  USES whichUART _SCI1S1 _SCI1D vWriteCharTxDataSci2 
setTimeoutShift           USES timeoutShift 
xmodemReceive             USES whichUART head tail timeoutTimer _inbyte 
                                xmodemReceive xbuff OUT_BYTE _ICMP check timeoutShift 
                                __SEG_START_FLASH_ROUTINES _SRS erase program flushinput _ILSR _ILSL 
_inbyte                   USES _SRS whichUART _SCI1S1 head _SCI1D xbuff 
                                ucReadApiSci2 timeoutTimer tail 
check                     USES CalculateCrc 
flushinput                USES _inbyte head tail 
CalculateCrc              USES _SRS 
initBootloader            USES _SCGC1 _SCGC2 _FCDIV _SCI1BD _SCI1C2 _SCI2BD 
                                _SCI2C2 version pVersion memcpy _PTEPE _PTED 
main                      USES _ICSTRM _ICSSC _ICSC1 _ICSC2 _SRS _SOPT1 
                                AppResetCause BLResetCause _PTDD _PTBD initBootloader 
                                vInitApi DoPassThroughMode _SCI1S1 processRequest 
                                pAppVersion 
CopyInRAM                 USES __SEG_START_FLASH_ROUTINES erase 
                                __SEG_SIZE_FLASH_ROUTINES 
_ENTER_BINARY_L_RC        USES _PUSH_ARGS_L 
_LCMP_RC                  USES _ENTER_BINARY_L_RC _LCMP_k_rel_j 
processRequest            USES _SCI1D getTxDataBuffer getTxDestination64ptr 
                                ucReadApiSci2 vWriteTxDataSci2Len _SRS AppResetCause 
                                fixRX64BitAddress vSetTxDestination64 setTimeoutShift 
                                processRequest _Search_Table_8_Offset DoPassThroughMode 
                                CopyInRAM xmodemReceive _LCMP_RC vInitApi timeoutShift 
                                tBuff pAppVersion BLResetCause STRING..Bad.4 
                                STRING.Unknown.5 version badCommands menu timeoutMenuL 
                                timeoutMenuH SendString 
SendString                USES _SRS _SCI1S1 _SCI1D getTxDataBuffer 
                                vWriteTxDataSci2Len 
getTxDestination64ptr     USES apibuf 
getTxDataBuffer           USES apibuf 
ucCalcChecksum            USES _SRS 
vSetTxDestination64       USES apibuf 
vWriteTxDataSci2Len       USES apibuf ucCalcChecksum _SRS _SCI2S1 _SCI2D 
                                readEM250 
vWriteCharTxDataSci2      USES apibuf vWriteTxDataSci2Len 
fixRX64BitAddress         USES isFixed fixedSourceAddress 
ucReadApiSci2             USES readEM250 state tail _SRS ucSci2RcvBuf head 
                                lengthApi _ICMP ucReadApiSci2 isFixed fixedSourceAddress 
vInitApi                  USES head tail state lengthApi isFixed 
                                fixedSourceAddress vSetTxDestination64 
readEM250                 USES _SRS _SCI2S1 head _SCI2D ucSci2RcvBuf 
DoPassThroughMode         USES _ICSC2 _SCI1C2 _SCI2C2 _PTDDD _PTBDD _PTCDD 
                                _PTBD _PTCD _PTDD _SRS 
pVersion                  USES VERSION 

*********************************************************************************************
DEPENDENCY TREE
*********************************************************************************************
 main and _Startup Group
 | 
 +- main                
 |  | 
 |  +- initBootloader      
 |  |  | 
 |  |  +- memcpy              
 |  |       
 |  +- vInitApi            
 |  |  | 
 |  |  +- vSetTxDestination64 
 |  |       
 |  +- DoPassThroughMode   
 |  |    
 |  +- processRequest      
 |     | 
 |     +- getTxDataBuffer     
 |     |    
 |     +- getTxDestination64ptr
 |     |    
 |     +- ucReadApiSci2       
 |     |  | 
 |     |  +- readEM250           
 |     |  |    
 |     |  +- _ICMP               
 |     |       
 |     +- vWriteTxDataSci2Len 
 |     |  | 
 |     |  +- ucCalcChecksum      
 |     |  |    
 |     |  +- readEM250            (see above)
 |     |     
 |     +- fixRX64BitAddress   
 |     |    
 |     +- vSetTxDestination64  (see above)
 |     |  
 |     +- setTimeoutShift     
 |     |    
 |     +- _Search_Table_8_Offset
 |     |    
 |     +- DoPassThroughMode    (see above)
 |     |  
 |     +- CopyInRAM           
 |     |  | 
 |     |  +- erase               
 |     |       
 |     +- xmodemReceive       
 |     |  | 
 |     |  +- _inbyte             
 |     |  |  | 
 |     |  |  +- ucReadApiSci2        (see above)
 |     |  |     
 |     |  +- OUT_BYTE            
 |     |  |  | 
 |     |  |  +- vWriteCharTxDataSci2
 |     |  |     | 
 |     |  |     +- vWriteTxDataSci2Len  (see above)
 |     |  |        
 |     |  +- _ICMP                (see above)
 |     |  |  
 |     |  +- check               
 |     |  |  | 
 |     |  |  +- CalculateCrc        
 |     |  |       
 |     |  +- erase                (see above)
 |     |  |  
 |     |  +- program             
 |     |  |    
 |     |  +- flushinput          
 |     |  |  | 
 |     |  |  +- _inbyte              (see above)
 |     |  |     
 |     |  +- _ILSR               
 |     |  |    
 |     |  +- _ILSL               
 |     |       
 |     +- _LCMP_RC            
 |     |  | 
 |     |  +- _ENTER_BINARY_L_RC  
 |     |  |  | 
 |     |  |  +- _PUSH_ARGS_L        
 |     |  |       
 |     |  +- _LCMP_k_rel_j       
 |     |       
 |     +- vInitApi             (see above)
 |     |  
 |     +- SendString          
 |        | 
 |        +- getTxDataBuffer      (see above)
 |        |  
 |        +- vWriteTxDataSci2Len  (see above)
 |           
 +- _Startup            
    | 
    +- Init                
    |  | 
    |  +- loadByte            
    |       
    +- main                 (see above)
       
 pVersion            
   
*********************************************************************************************
STATISTIC SECTION
---------------------------------------------------------------------------------------------

ExeFile:
--------
Number of blocks to be downloaded: 12
Total size of all blocks to be downloaded: 3396

